Archive member included to satisfy reference by file (symbol)

/Applications/Ac6/SystemWorkbench.app/Contents/Eclipse/plugins/fr.ac6.mcu.externaltools.arm-none.macos64_1.13.1.201703061524/tools/compiler/bin/../lib/gcc/arm-none-eabi/5.4.1/armv6-m/libgcc.a(_udivsi3.o)
                              HAL_Driver/Src/stm32f0xx_hal.o (__aeabi_uidiv)
/Applications/Ac6/SystemWorkbench.app/Contents/Eclipse/plugins/fr.ac6.mcu.externaltools.arm-none.macos64_1.13.1.201703061524/tools/compiler/bin/../lib/gcc/arm-none-eabi/5.4.1/armv6-m/libgcc.a(_dvmd_tls.o)
                              /Applications/Ac6/SystemWorkbench.app/Contents/Eclipse/plugins/fr.ac6.mcu.externaltools.arm-none.macos64_1.13.1.201703061524/tools/compiler/bin/../lib/gcc/arm-none-eabi/5.4.1/armv6-m/libgcc.a(_udivsi3.o) (__aeabi_idiv0)
/Applications/Ac6/SystemWorkbench.app/Contents/Eclipse/plugins/fr.ac6.mcu.externaltools.arm-none.macos64_1.13.1.201703061524/tools/compiler/bin/../lib/gcc/arm-none-eabi/5.4.1/../../../../arm-none-eabi/lib/armv6-m/libc.a(lib_a-errno.o)
                              src/syscalls.o (__errno)
/Applications/Ac6/SystemWorkbench.app/Contents/Eclipse/plugins/fr.ac6.mcu.externaltools.arm-none.macos64_1.13.1.201703061524/tools/compiler/bin/../lib/gcc/arm-none-eabi/5.4.1/../../../../arm-none-eabi/lib/armv6-m/libc.a(lib_a-exit.o)
                              /Applications/Ac6/SystemWorkbench.app/Contents/Eclipse/plugins/fr.ac6.mcu.externaltools.arm-none.macos64_1.13.1.201703061524/tools/compiler/bin/../lib/gcc/arm-none-eabi/5.4.1/../../../../arm-none-eabi/lib/armv6-m/crt0.o (exit)
/Applications/Ac6/SystemWorkbench.app/Contents/Eclipse/plugins/fr.ac6.mcu.externaltools.arm-none.macos64_1.13.1.201703061524/tools/compiler/bin/../lib/gcc/arm-none-eabi/5.4.1/../../../../arm-none-eabi/lib/armv6-m/libc.a(lib_a-impure.o)
                              /Applications/Ac6/SystemWorkbench.app/Contents/Eclipse/plugins/fr.ac6.mcu.externaltools.arm-none.macos64_1.13.1.201703061524/tools/compiler/bin/../lib/gcc/arm-none-eabi/5.4.1/../../../../arm-none-eabi/lib/armv6-m/libc.a(lib_a-exit.o) (_global_impure_ptr)
/Applications/Ac6/SystemWorkbench.app/Contents/Eclipse/plugins/fr.ac6.mcu.externaltools.arm-none.macos64_1.13.1.201703061524/tools/compiler/bin/../lib/gcc/arm-none-eabi/5.4.1/../../../../arm-none-eabi/lib/armv6-m/libc.a(lib_a-init.o)
                              /Applications/Ac6/SystemWorkbench.app/Contents/Eclipse/plugins/fr.ac6.mcu.externaltools.arm-none.macos64_1.13.1.201703061524/tools/compiler/bin/../lib/gcc/arm-none-eabi/5.4.1/../../../../arm-none-eabi/lib/armv6-m/crt0.o (__libc_init_array)
/Applications/Ac6/SystemWorkbench.app/Contents/Eclipse/plugins/fr.ac6.mcu.externaltools.arm-none.macos64_1.13.1.201703061524/tools/compiler/bin/../lib/gcc/arm-none-eabi/5.4.1/../../../../arm-none-eabi/lib/armv6-m/libc.a(lib_a-memcpy-stub.o)
                              HAL_Driver/Src/stm32f0xx_hal_rcc.o (memcpy)
/Applications/Ac6/SystemWorkbench.app/Contents/Eclipse/plugins/fr.ac6.mcu.externaltools.arm-none.macos64_1.13.1.201703061524/tools/compiler/bin/../lib/gcc/arm-none-eabi/5.4.1/../../../../arm-none-eabi/lib/armv6-m/libc.a(lib_a-memset.o)
                              /Applications/Ac6/SystemWorkbench.app/Contents/Eclipse/plugins/fr.ac6.mcu.externaltools.arm-none.macos64_1.13.1.201703061524/tools/compiler/bin/../lib/gcc/arm-none-eabi/5.4.1/../../../../arm-none-eabi/lib/armv6-m/crt0.o (memset)
/Applications/Ac6/SystemWorkbench.app/Contents/Eclipse/plugins/fr.ac6.mcu.externaltools.arm-none.macos64_1.13.1.201703061524/tools/compiler/bin/../lib/gcc/arm-none-eabi/5.4.1/../../../../arm-none-eabi/lib/armv6-m/libc.a(lib_a-sprintf.o)
                              src/main.o (sprintf)
/Applications/Ac6/SystemWorkbench.app/Contents/Eclipse/plugins/fr.ac6.mcu.externaltools.arm-none.macos64_1.13.1.201703061524/tools/compiler/bin/../lib/gcc/arm-none-eabi/5.4.1/../../../../arm-none-eabi/lib/armv6-m/libc.a(lib_a-svfprintf.o)
                              /Applications/Ac6/SystemWorkbench.app/Contents/Eclipse/plugins/fr.ac6.mcu.externaltools.arm-none.macos64_1.13.1.201703061524/tools/compiler/bin/../lib/gcc/arm-none-eabi/5.4.1/../../../../arm-none-eabi/lib/armv6-m/libc.a(lib_a-sprintf.o) (_svfprintf_r)
/Applications/Ac6/SystemWorkbench.app/Contents/Eclipse/plugins/fr.ac6.mcu.externaltools.arm-none.macos64_1.13.1.201703061524/tools/compiler/bin/../lib/gcc/arm-none-eabi/5.4.1/../../../../arm-none-eabi/lib/armv6-m/libc.a(lib_a-__call_atexit.o)
                              /Applications/Ac6/SystemWorkbench.app/Contents/Eclipse/plugins/fr.ac6.mcu.externaltools.arm-none.macos64_1.13.1.201703061524/tools/compiler/bin/../lib/gcc/arm-none-eabi/5.4.1/../../../../arm-none-eabi/lib/armv6-m/libc.a(lib_a-exit.o) (__call_exitprocs)
/Applications/Ac6/SystemWorkbench.app/Contents/Eclipse/plugins/fr.ac6.mcu.externaltools.arm-none.macos64_1.13.1.201703061524/tools/compiler/bin/../lib/gcc/arm-none-eabi/5.4.1/../../../../arm-none-eabi/lib/armv6-m/libc.a(lib_a-atexit.o)
[...]
Memory Configuration

Name             Origin             Length             Attributes
FLASH            0x0000000008000000 0x0000000000020000 xr
RAM              0x0000000020000000 0x0000000000004000 xrw
*default*        0x0000000000000000 0xffffffffffffffff

Linker script and memory map

LOAD /Applications/Ac6/SystemWorkbench.app/Contents/Eclipse/plugins/fr.ac6.mcu.externaltools.arm-none.macos64_1.13.1.201703061524/tools/compiler/bin/../lib/gcc/arm-none-eabi/5.4.1/armv6-m/crti.o
LOAD /Applications/Ac6/SystemWorkbench.app/Contents/Eclipse/plugins/fr.ac6.mcu.externaltools.arm-none.macos64_1.13.1.201703061524/tools/compiler/bin/../lib/gcc/arm-none-eabi/5.4.1/armv6-m/crtbegin.o
LOAD /Applications/Ac6/SystemWorkbench.app/Contents/Eclipse/plugins/fr.ac6.mcu.externaltools.arm-none.macos64_1.13.1.201703061524/tools/compiler/bin/../lib/gcc/arm-none-eabi/5.4.1/../../../../arm-none-eabi/lib/armv6-m/crt0.o
LOAD /Applications/Ac6/SystemWorkbench.app/Contents/Eclipse/plugins/fr.ac6.mcu.externaltools.arm-none.macos64_1.13.1.201703061524/tools/compiler/bin/../lib/gcc/arm-none-eabi/5.4.1/../../../../arm-none-eabi/lib/armv6-m/libm.a
LOAD HAL_Driver/Src/stm32f0xx_hal.o
LOAD HAL_Driver/Src/stm32f0xx_hal_adc.o
LOAD HAL_Driver/Src/stm32f0xx_hal_adc_ex.o
LOAD HAL_Driver/Src/stm32f0xx_hal_can.o
LOAD HAL_Driver/Src/stm32f0xx_hal_cec.o
LOAD HAL_Driver/Src/stm32f0xx_hal_comp.o
LOAD HAL_Driver/Src/stm32f0xx_hal_cortex.o
LOAD HAL_Driver/Src/stm32f0xx_hal_crc.o
LOAD HAL_Driver/Src/stm32f0xx_hal_crc_ex.o
LOAD HAL_Driver/Src/stm32f0xx_hal_dac.o
LOAD HAL_Driver/Src/stm32f0xx_hal_dac_ex.o
LOAD HAL_Driver/Src/stm32f0xx_hal_dma.o
LOAD HAL_Driver/Src/stm32f0xx_hal_flash.o
LOAD HAL_Driver/Src/stm32f0xx_hal_flash_ex.o
LOAD HAL_Driver/Src/stm32f0xx_hal_gpio.o
LOAD HAL_Driver/Src/stm32f0xx_hal_i2c.o
LOAD HAL_Driver/Src/stm32f0xx_hal_i2c_ex.o
LOAD HAL_Driver/Src/stm32f0xx_hal_i2s.o
LOAD HAL_Driver/Src/stm32f0xx_hal_irda.o
LOAD HAL_Driver/Src/stm32f0xx_hal_iwdg.o
LOAD HAL_Driver/Src/stm32f0xx_hal_msp_template.o
LOAD HAL_Driver/Src/stm32f0xx_hal_pcd.o
LOAD HAL_Driver/Src/stm32f0xx_hal_pcd_ex.o
LOAD HAL_Driver/Src/stm32f0xx_hal_pwr.o
LOAD HAL_Driver/Src/stm32f0xx_hal_pwr_ex.o
LOAD HAL_Driver/Src/stm32f0xx_hal_rcc.o
LOAD HAL_Driver/Src/stm32f0xx_hal_rcc_ex.o
LOAD HAL_Driver/Src/stm32f0xx_hal_rtc.o
LOAD HAL_Driver/Src/stm32f0xx_hal_rtc_ex.o
LOAD HAL_Driver/Src/stm32f0xx_hal_smartcard.o
LOAD HAL_Driver/Src/stm32f0xx_hal_smartcard_ex.o
LOAD HAL_Driver/Src/stm32f0xx_hal_smbus.o
LOAD HAL_Driver/Src/stm32f0xx_hal_spi.o
LOAD HAL_Driver/Src/stm32f0xx_hal_spi_ex.o
LOAD HAL_Driver/Src/stm32f0xx_hal_tim.o
LOAD HAL_Driver/Src/stm32f0xx_hal_tim_ex.o
LOAD HAL_Driver/Src/stm32f0xx_hal_tsc.o
LOAD HAL_Driver/Src/stm32f0xx_hal_uart.o
LOAD HAL_Driver/Src/stm32f0xx_hal_uart_ex.o
LOAD HAL_Driver/Src/stm32f0xx_hal_usart.o
LOAD HAL_Driver/Src/stm32f0xx_hal_wwdg.o
LOAD HAL_Driver/Src/stm32f0xx_ll_adc.o
LOAD HAL_Driver/Src/stm32f0xx_ll_comp.o
LOAD HAL_Driver/Src/stm32f0xx_ll_crc.o
LOAD HAL_Driver/Src/stm32f0xx_ll_crs.o
LOAD HAL_Driver/Src/stm32f0xx_ll_dac.o
LOAD HAL_Driver/Src/stm32f0xx_ll_dma.o
LOAD HAL_Driver/Src/stm32f0xx_ll_exti.o
LOAD HAL_Driver/Src/stm32f0xx_ll_gpio.o
LOAD HAL_Driver/Src/stm32f0xx_ll_i2c.o
LOAD HAL_Driver/Src/stm32f0xx_ll_pwr.o
LOAD HAL_Driver/Src/stm32f0xx_ll_rcc.o
LOAD HAL_Driver/Src/stm32f0xx_ll_rtc.o
LOAD HAL_Driver/Src/stm32f0xx_ll_spi.o
LOAD HAL_Driver/Src/stm32f0xx_ll_tim.o
LOAD HAL_Driver/Src/stm32f0xx_ll_usart.o
LOAD HAL_Driver/Src/stm32f0xx_ll_utils.o
LOAD Utilities/STM32F0xx-Nucleo/stm32f0xx_nucleo.o
LOAD src/main.o
LOAD src/stm32f0xx_it.o
LOAD src/syscalls.o
LOAD src/system_stm32f0xx.o
LOAD startup/startup_stm32f072xb.o
START GROUP
LOAD /Applications/Ac6/SystemWorkbench.app/Contents/Eclipse/plugins/fr.ac6.mcu.externaltools.arm-none.macos64_1.13.1.201703061524/tools/compiler/bin/../lib/gcc/arm-none-eabi/5.4.1/armv6-m/libgcc.a
LOAD /Applications/Ac6/SystemWorkbench.app/Contents/Eclipse/plugins/fr.ac6.mcu.externaltools.arm-none.macos64_1.13.1.201703061524/tools/compiler/bin/../lib/gcc/arm-none-eabi/5.4.1/../../../../arm-none-eabi/lib/armv6-m/libc.a
END GROUP
LOAD /Applications/Ac6/SystemWorkbench.app/Contents/Eclipse/plugins/fr.ac6.mcu.externaltools.arm-none.macos64_1.13.1.201703061524/tools/compiler/bin/../lib/gcc/arm-none-eabi/5.4.1/armv6-m/crtend.o
LOAD /Applications/Ac6/SystemWorkbench.app/Contents/Eclipse/plugins/fr.ac6.mcu.externaltools.arm-none.macos64_1.13.1.201703061524/tools/compiler/bin/../lib/gcc/arm-none-eabi/5.4.1/armv6-m/crtn.o
                0x0000000020004000                _estack = 0x20004000
                0x0000000000000000                _Min_Heap_Size = 0x0
                0x0000000000000800                _Min_Stack_Size = 0x800

.isr_vector     0x0000000008000000       0xc0
                0x0000000008000000                . = ALIGN (0x4)
 *(.isr_vector)
 .isr_vector    0x0000000008000000       0xc0 startup/startup_stm32f072xb.o
                0x0000000008000000                g_pfnVectors
                0x00000000080000c0                . = ALIGN (0x4)

.text           0x00000000080000c0     0x8934
                0x00000000080000c0                . = ALIGN (0x4)
 *(.text)
 .text          0x00000000080000c0       0x60 /Applications/Ac6/SystemWorkbench.app/Contents/Eclipse/plugins/fr.ac6.mcu.externaltools.arm-none.macos64_1.13.1.201703061524/tools/compiler/bin/../lib/gcc/arm-none-eabi/5.4.1/armv6-m/crtbegin.o
 .text          0x0000000008000120      0x114 /Applications/Ac6/SystemWorkbench.app/Contents/Eclipse/plugins/fr.ac6.mcu.externaltools.arm-none.macos64_1.13.1.201703061524/tools/compiler/bin/../lib/gcc/arm-none-eabi/5.4.1/armv6-m/libgcc.a(_udivsi3.o)
                0x0000000008000120                __udivsi3
                0x0000000008000120                __aeabi_uidiv
                0x000000000800022c                __aeabi_uidivmod
 .text          0x0000000008000234        0x4 /Applications/Ac6/SystemWorkbench.app/Contents/Eclipse/plugins/fr.ac6.mcu.externaltools.arm-none.macos64_1.13.1.201703061524/tools/compiler/bin/../lib/gcc/arm-none-eabi/5.4.1/armv6-m/libgcc.a(_dvmd_tls.o)
                0x0000000008000234                __aeabi_ldiv0
                0x0000000008000234                __aeabi_idiv0
 .text          0x0000000008000238      0x1d4 /Applications/Ac6/SystemWorkbench.app/Contents/Eclipse/plugins/fr.ac6.mcu.externaltools.arm-none.macos64_1.13.1.201703061524/tools/compiler/bin/../lib/gcc/arm-none-eabi/5.4.1/armv6-m/libgcc.a(_divsi3.o)
                0x0000000008000238                __aeabi_idiv
                0x0000000008000238                __divsi3
                0x0000000008000404                __aeabi_idivmod
 .text          0x000000000800040c       0x7c /Applications/Ac6/SystemWorkbench.app/Contents/Eclipse/plugins/fr.ac6.mcu.externaltools.arm-none.macos64_1.13.1.201703061524/tools/compiler/bin/../lib/gcc/arm-none-eabi/5.4.1/armv6-m/libgcc.a(_arm_cmpdf2.o)
                0x000000000800040c                __aeabi_cdrcmple
                0x000000000800041c                __aeabi_cdcmple
                0x000000000800041c                __aeabi_cdcmpeq
                0x000000000800042c                __aeabi_dcmpeq
                0x0000000008000438                __aeabi_dcmplt
                0x000000000800044c                __aeabi_dcmple
                0x0000000008000460                __aeabi_dcmpgt
                0x0000000008000474                __aeabi_dcmpge
 .text          0x0000000008000488       0x40 /Applications/Ac6/SystemWorkbench.app/Contents/Eclipse/plugins/fr.ac6.mcu.externaltools.arm-none.macos64_1.13.1.201703061524/tools/compiler/bin/../lib/gcc/arm-none-eabi/5.4.1/armv6-m/libgcc.a(_aeabi_uldivmod.o)
                0x0000000008000488                __aeabi_uldivmod
 .text          0x00000000080004c8      0x180 /Applications/Ac6/SystemWorkbench.app/Contents/Eclipse/plugins/fr.ac6.mcu.externaltools.arm-none.macos64_1.13.1.201703061524/tools/compiler/bin/../lib/gcc/arm-none-eabi/5.4.1/armv6-m/libgcc.a(_udivmoddi4.o)
                0x00000000080004c8                __udivmoddi4
 .text          0x0000000008000648      0x658 /Applications/Ac6/SystemWorkbench.app/Contents/Eclipse/plugins/fr.ac6.mcu.externaltools.arm-none.macos64_1.13.1.201703061524/tools/compiler/bin/../lib/gcc/arm-none-eabi/5.4.1/armv6-m/libgcc.a(adddf3.o)
                0x0000000008000648                __aeabi_dadd
 .text          0x0000000008000ca0      0x62c /Applications/Ac6/SystemWorkbench.app/Contents/Eclipse/plugins/fr.ac6.mcu.externaltools.arm-none.macos64_1.13.1.201703061524/tools/compiler/bin/../lib/gcc/arm-none-eabi/5.4.1/armv6-m/libgcc.a(divdf3.o)
                0x0000000008000ca0                __aeabi_ddiv
 .text          0x00000000080012cc       0x80 /Applications/Ac6/SystemWorkbench.app/Contents/Eclipse/plugins/fr.ac6.mcu.externaltools.arm-none.macos64_1.13.1.201703061524/tools/compiler/bin/../lib/gcc/arm-none-eabi/5.4.1/armv6-m/libgcc.a(eqdf2.o)
                0x00000000080012cc                __eqdf2
                0x00000000080012cc                __nedf2
 .text          0x000000000800134c       0xc8 /Applications/Ac6/SystemWorkbench.app/Contents/Eclipse/plugins/fr.ac6.mcu.externaltools.arm-none.macos64_1.13.1.201703061524/tools/compiler/bin/../lib/gcc/arm-none-eabi/5.4.1/armv6-m/libgcc.a(gedf2.o)
                0x000000000800134c                __gtdf2
                0x000000000800134c                __gedf2
 .text          0x0000000008001414       0xd4 /Applications/Ac6/SystemWorkbench.app/Contents/Eclipse/plugins/fr.ac6.mcu.externaltools.arm-none.macos64_1.13.1.201703061524/tools/compiler/bin/../lib/gcc/arm-none-eabi/5.4.1/armv6-m/libgcc.a(ledf2.o)
                0x0000000008001414                __ltdf2
                0x0000000008001414                __ledf2
 .text          0x00000000080014e8      0x4f4 /Applications/Ac6/SystemWorkbench.app/Contents/Eclipse/plugins/fr.ac6.mcu.externaltools.arm-none.macos64_1.13.1.201703061524/tools/compiler/bin/../lib/gcc/arm-none-eabi/5.4.1/armv6-m/libgcc.a(muldf3.o)
                0x00000000080014e8                __aeabi_dmul
 .text          0x00000000080019dc      0x6a8 /Applications/Ac6/SystemWorkbench.app/Contents/Eclipse/plugins/fr.ac6.mcu.externaltools.arm-none.macos64_1.13.1.201703061524/tools/compiler/bin/../lib/gcc/arm-none-eabi/5.4.1/armv6-m/libgcc.a(subdf3.o)
                0x00000000080019dc                __aeabi_dsub
 .text          0x0000000008002084       0x40 /Applications/Ac6/SystemWorkbench.app/Contents/Eclipse/plugins/fr.ac6.mcu.externaltools.arm-none.macos64_1.13.1.201703061524/tools/compiler/bin/../lib/gcc/arm-none-eabi/5.4.1/armv6-m/libgcc.a(unorddf2.o)
                0x0000000008002084                __aeabi_dcmpun
 .text          0x00000000080020c4       0x6c /Applications/Ac6/SystemWorkbench.app/Contents/Eclipse/plugins/fr.ac6.mcu.externaltools.arm-none.macos64_1.13.1.201703061524/tools/compiler/bin/../lib/gcc/arm-none-eabi/5.4.1/armv6-m/libgcc.a(fixdfsi.o)
                0x00000000080020c4                __aeabi_d2iz
 .text          0x0000000008002130       0x84 /Applications/Ac6/SystemWorkbench.app/Contents/Eclipse/plugins/fr.ac6.mcu.externaltools.arm-none.macos64_1.13.1.201703061524/tools/compiler/bin/../lib/gcc/arm-none-eabi/5.4.1/armv6-m/libgcc.a(floatsidf.o)
                0x0000000008002130                __aeabi_i2d
 .text          0x00000000080021b4       0x70 /Applications/Ac6/SystemWorkbench.app/Contents/Eclipse/plugins/fr.ac6.mcu.externaltools.arm-none.macos64_1.13.1.201703061524/tools/compiler/bin/../lib/gcc/arm-none-eabi/5.4.1/armv6-m/libgcc.a(floatunsidf.o)
                0x00000000080021b4                __aeabi_ui2d
 .text          0x0000000008002224       0x3c /Applications/Ac6/SystemWorkbench.app/Contents/Eclipse/plugins/fr.ac6.mcu.externaltools.arm-none.macos64_1.13.1.201703061524/tools/compiler/bin/../lib/gcc/arm-none-eabi/5.4.1/armv6-m/libgcc.a(_clzsi2.o)
                0x0000000008002224                __clzsi2
 .text          0x0000000008002260       0x18 /Applications/Ac6/SystemWorkbench.app/Contents/Eclipse/plugins/fr.ac6.mcu.externaltools.arm-none.macos64_1.13.1.201703061524/tools/compiler/bin/../lib/gcc/arm-none-eabi/5.4.1/armv6-m/libgcc.a(_clzdi2.o)
                0x0000000008002260                __clzdi2
 *(.text*)
 .text.HAL_Init
                0x0000000008002278       0x28 HAL_Driver/Src/stm32f0xx_hal.o
                0x0000000008002278                HAL_Init
 .text.HAL_InitTick
                0x00000000080022a0       0x38 HAL_Driver/Src/stm32f0xx_hal.o
                0x00000000080022a0                HAL_InitTick
 .text.HAL_IncTick
                0x00000000080022d8       0x18 HAL_Driver/Src/stm32f0xx_hal.o
                0x00000000080022d8                HAL_IncTick
 .text.HAL_GetTick
                0x00000000080022f0       0x14 HAL_Driver/Src/stm32f0xx_hal.o
                0x00000000080022f0                HAL_GetTick
 .text.HAL_Delay
                0x0000000008002304       0x30 HAL_Driver/Src/stm32f0xx_hal.o
                0x0000000008002304                HAL_Delay
 .text.HAL_CAN_Init
                0x0000000008002334      0x248 HAL_Driver/Src/stm32f0xx_hal_can.o
                0x0000000008002334                HAL_CAN_Init
 .text.HAL_CAN_MspInit
                0x000000000800257c       0x10 HAL_Driver/Src/stm32f0xx_hal_can.o
                0x000000000800257c                HAL_CAN_MspInit
 .text.HAL_CAN_Transmit
                0x000000000800258c      0x2ec HAL_Driver/Src/stm32f0xx_hal_can.o
                0x000000000800258c                HAL_CAN_Transmit
 .text.NVIC_SetPriority
                0x0000000008002878       0xdc HAL_Driver/Src/stm32f0xx_hal_cortex.o
 .text.SysTick_Config
                0x0000000008002954       0x48 HAL_Driver/Src/stm32f0xx_hal_cortex.o
 .text.HAL_NVIC_SetPriority
                0x000000000800299c       0x2c HAL_Driver/Src/stm32f0xx_hal_cortex.o
                0x000000000800299c                HAL_NVIC_SetPriority
 .text.HAL_SYSTICK_Config
                0x00000000080029c8       0x1c HAL_Driver/Src/stm32f0xx_hal_cortex.o
                0x00000000080029c8                HAL_SYSTICK_Config
 .text.HAL_SYSTICK_CLKSourceConfig
                0x00000000080029e4       0x34 HAL_Driver/Src/stm32f0xx_hal_cortex.o
                0x00000000080029e4                HAL_SYSTICK_CLKSourceConfig
 .text.HAL_SYSTICK_IRQHandler
                0x0000000008002a18       0x10 HAL_Driver/Src/stm32f0xx_hal_cortex.o
                0x0000000008002a18                HAL_SYSTICK_IRQHandler
 .text.HAL_SYSTICK_Callback
                0x0000000008002a28        0xc HAL_Driver/Src/stm32f0xx_hal_cortex.o
                0x0000000008002a28                HAL_SYSTICK_Callback
 .text.HAL_GPIO_Init
                0x0000000008002a34      0x2f8 HAL_Driver/Src/stm32f0xx_hal_gpio.o
                0x0000000008002a34                HAL_GPIO_Init
 .text.HAL_I2C_Init
                0x0000000008002d2c      0x12c HAL_Driver/Src/stm32f0xx_hal_i2c.o
                0x0000000008002d2c                HAL_I2C_Init
 .text.HAL_I2C_MspInit
                0x0000000008002e58       0x10 HAL_Driver/Src/stm32f0xx_hal_i2c.o
                0x0000000008002e58                HAL_I2C_MspInit
 .text.HAL_I2C_Master_Transmit
                0x0000000008002e68      0x228 HAL_Driver/Src/stm32f0xx_hal_i2c.o
                0x0000000008002e68                HAL_I2C_Master_Transmit
 .text.HAL_I2C_Master_Receive
                0x0000000008003090      0x228 HAL_Driver/Src/stm32f0xx_hal_i2c.o
                0x0000000008003090                HAL_I2C_Master_Receive
 .text.I2C_Flush_TXDR
                0x00000000080032b8       0x40 HAL_Driver/Src/stm32f0xx_hal_i2c.o
 .text.I2C_WaitOnFlagUntilTimeout
                0x00000000080032f8       0x74 HAL_Driver/Src/stm32f0xx_hal_i2c.o
 .text.I2C_WaitOnTXISFlagUntilTimeout
                0x000000000800336c       0x7c HAL_Driver/Src/stm32f0xx_hal_i2c.o
 .text.I2C_WaitOnSTOPFlagUntilTimeout
                0x00000000080033e8       0x78 HAL_Driver/Src/stm32f0xx_hal_i2c.o
 .text.I2C_WaitOnRXNEFlagUntilTimeout
                0x0000000008003460       0xb8 HAL_Driver/Src/stm32f0xx_hal_i2c.o
 .text.I2C_IsAcknowledgeFailed
                0x0000000008003518       0xb8 HAL_Driver/Src/stm32f0xx_hal_i2c.o
 .text.I2C_TransferConfig
                0x00000000080035d0       0x70 HAL_Driver/Src/stm32f0xx_hal_i2c.o
 .text.HAL_MspInit
                0x0000000008003640        0xc HAL_Driver/Src/stm32f0xx_hal_msp_template.o
                0x0000000008003640                HAL_MspInit
 .text.HAL_RCC_OscConfig
                0x000000000800364c      0x6bc HAL_Driver/Src/stm32f0xx_hal_rcc.o
                0x000000000800364c                HAL_RCC_OscConfig
 .text.HAL_RCC_ClockConfig
                0x0000000008003d08      0x210 HAL_Driver/Src/stm32f0xx_hal_rcc.o
                0x0000000008003d08                HAL_RCC_ClockConfig
 .text.HAL_RCC_MCOConfig
                0x0000000008003f18       0x98 HAL_Driver/Src/stm32f0xx_hal_rcc.o
                0x0000000008003f18                HAL_RCC_MCOConfig
 .text.HAL_RCC_GetSysClockFreq
                0x0000000008003fb0      0x104 HAL_Driver/Src/stm32f0xx_hal_rcc.o
                0x0000000008003fb0                HAL_RCC_GetSysClockFreq
 .text.HAL_RCC_GetHCLKFreq
                0x00000000080040b4       0x14 HAL_Driver/Src/stm32f0xx_hal_rcc.o
                0x00000000080040b4                HAL_RCC_GetHCLKFreq
 .text.HAL_RCCEx_PeriphCLKConfig
                0x00000000080040c8      0x1fc HAL_Driver/Src/stm32f0xx_hal_rcc_ex.o
                0x00000000080040c8                HAL_RCCEx_PeriphCLKConfig
 .text.main     0x00000000080042c4      0x360 src/main.o
                0x00000000080042c4                main
 .text.Error_Handler
                0x0000000008004624        0x8 src/main.o
                0x0000000008004624                Error_Handler
 .text.SystemClock_Config
                0x000000000800462c       0xfc src/main.o
                0x000000000800462c                SystemClock_Config
 .text.SysTick_Handler
                0x0000000008004728       0x14 src/stm32f0xx_it.o
                0x0000000008004728                SysTick_Handler
 .text._sbrk    0x000000000800473c       0x58 src/syscalls.o
                0x000000000800473c                _sbrk
 .text.SystemInit
                0x0000000008004794       0x88 src/system_stm32f0xx.o
                0x0000000008004794                SystemInit
 .text.Reset_Handler
                0x000000000800481c       0x50 startup/startup_stm32f072xb.o
                0x000000000800481c                Reset_Handler
 .text.Default_Handler
                0x000000000800486c        0x2 startup/startup_stm32f072xb.o
                0x000000000800486c                TIM1_BRK_UP_TRG_COM_IRQHandler
                0x000000000800486c                TSC_IRQHandler
                0x000000000800486c                HardFault_Handler
                0x000000000800486c                ADC1_COMP_IRQHandler
                0x000000000800486c                PendSV_Handler
                0x000000000800486c                NMI_Handler
                0x000000000800486c                I2C1_IRQHandler
                0x000000000800486c                RCC_CRS_IRQHandler
                0x000000000800486c                SPI1_IRQHandler
                0x000000000800486c                TIM6_DAC_IRQHandler
                0x000000000800486c                USART3_4_IRQHandler
                0x000000000800486c                EXTI2_3_IRQHandler
                0x000000000800486c                I2C2_IRQHandler
                0x000000000800486c                TIM17_IRQHandler
                0x000000000800486c                CEC_CAN_IRQHandler
                0x000000000800486c                RTC_IRQHandler
                0x000000000800486c                PVD_VDDIO2_IRQHandler
                0x000000000800486c                DMA1_Channel4_5_6_7_IRQHandler
                0x000000000800486c                TIM16_IRQHandler
                0x000000000800486c                TIM3_IRQHandler
                0x000000000800486c                EXTI4_15_IRQHandler
                0x000000000800486c                DMA1_Channel1_IRQHandler
                0x000000000800486c                Default_Handler
                0x000000000800486c                TIM14_IRQHandler
                0x000000000800486c                TIM7_IRQHandler
                0x000000000800486c                TIM15_IRQHandler
                0x000000000800486c                EXTI0_1_IRQHandler
                0x000000000800486c                USB_IRQHandler
                0x000000000800486c                SPI2_IRQHandler
                0x000000000800486c                SVC_Handler
                0x000000000800486c                WWDG_IRQHandler
                0x000000000800486c                TIM2_IRQHandler
                0x000000000800486c                DMA1_Channel2_3_IRQHandler
                0x000000000800486c                USART2_IRQHandler
                0x000000000800486c                FLASH_IRQHandler
                0x000000000800486c                USART1_IRQHandler
                0x000000000800486c                TIM1_CC_IRQHandler
 *fill*         0x000000000800486e        0x2 
 .text.__errno  0x0000000008004870        0xc /Applications/Ac6/SystemWorkbench.app/Contents/Eclipse/plugins/fr.ac6.mcu.externaltools.arm-none.macos64_1.13.1.201703061524/tools/compiler/bin/../lib/gcc/arm-none-eabi/5.4.1/../../../../arm-none-eabi/lib/armv6-m/libc.a(lib_a-errno.o)
                0x0000000008004870                __errno
 .text.__libc_init_array
                0x000000000800487c       0x48 /Applications/Ac6/SystemWorkbench.app/Contents/Eclipse/plugins/fr.ac6.mcu.externaltools.arm-none.macos64_1.13.1.201703061524/tools/compiler/bin/../lib/gcc/arm-none-eabi/5.4.1/../../../../arm-none-eabi/lib/armv6-m/libc.a(lib_a-init.o)
                0x000000000800487c                __libc_init_array
 .text.memcpy   0x00000000080048c4       0x7c /Applications/Ac6/SystemWorkbench.app/Contents/Eclipse/plugins/fr.ac6.mcu.externaltools.arm-none.macos64_1.13.1.201703061524/tools/compiler/bin/../lib/gcc/arm-none-eabi/5.4.1/../../../../arm-none-eabi/lib/armv6-m/libc.a(lib_a-memcpy-stub.o)
                0x00000000080048c4                memcpy
 .text.memset   0x0000000008004940       0x8c /Applications/Ac6/SystemWorkbench.app/Contents/Eclipse/plugins/fr.ac6.mcu.externaltools.arm-none.macos64_1.13.1.201703061524/tools/compiler/bin/../lib/gcc/arm-none-eabi/5.4.1/../../../../arm-none-eabi/lib/armv6-m/libc.a(lib_a-memset.o)
                0x0000000008004940                memset
 .text.sprintf  0x00000000080049cc       0x44 /Applications/Ac6/SystemWorkbench.app/Contents/Eclipse/plugins/fr.ac6.mcu.externaltools.arm-none.macos64_1.13.1.201703061524/tools/compiler/bin/../lib/gcc/arm-none-eabi/5.4.1/../../../../arm-none-eabi/lib/armv6-m/libc.a(lib_a-sprintf.o)
                0x00000000080049cc                sprintf
 .text._svfprintf_r
                0x0000000008004a10     0x182c /Applications/Ac6/SystemWorkbench.app/Contents/Eclipse/plugins/fr.ac6.mcu.externaltools.arm-none.macos64_1.13.1.201703061524/tools/compiler/bin/../lib/gcc/arm-none-eabi/5.4.1/../../../../arm-none-eabi/lib/armv6-m/libc.a(lib_a-svfprintf.o)
                0x0000000008004a10                _svfprintf_r
 .text.startup.register_fini
                0x000000000800623c       0x18 /Applications/Ac6/SystemWorkbench.app/Contents/Eclipse/plugins/fr.ac6.mcu.externaltools.arm-none.macos64_1.13.1.201703061524/tools/compiler/bin/../lib/gcc/arm-none-eabi/5.4.1/../../../../arm-none-eabi/lib/armv6-m/libc.a(lib_a-__call_atexit.o)
 .text.atexit   0x0000000008006254       0x10 /Applications/Ac6/SystemWorkbench.app/Contents/Eclipse/plugins/fr.ac6.mcu.externaltools.arm-none.macos64_1.13.1.201703061524/tools/compiler/bin/../lib/gcc/arm-none-eabi/5.4.1/../../../../arm-none-eabi/lib/armv6-m/libc.a(lib_a-atexit.o)
                0x0000000008006254                atexit
 .text.quorem   0x0000000008006264      0x150 /Applications/Ac6/SystemWorkbench.app/Contents/Eclipse/plugins/fr.ac6.mcu.externaltools.arm-none.macos64_1.13.1.201703061524/tools/compiler/bin/../lib/gcc/arm-none-eabi/5.4.1/../../../../arm-none-eabi/lib/armv6-m/libc.a(lib_a-dtoa.o)
 .text._dtoa_r  0x00000000080063b4      0xf54 /Applications/Ac6/SystemWorkbench.app/Contents/Eclipse/plugins/fr.ac6.mcu.externaltools.arm-none.macos64_1.13.1.201703061524/tools/compiler/bin/../lib/gcc/arm-none-eabi/5.4.1/../../../../arm-none-eabi/lib/armv6-m/libc.a(lib_a-dtoa.o)
                0x00000000080063b4                _dtoa_r
 .text.__libc_fini_array
                0x0000000008007308       0x34 /Applications/Ac6/SystemWorkbench.app/Contents/Eclipse/plugins/fr.ac6.mcu.externaltools.arm-none.macos64_1.13.1.201703061524/tools/compiler/bin/../lib/gcc/arm-none-eabi/5.4.1/../../../../arm-none-eabi/lib/armv6-m/libc.a(lib_a-fini.o)
                0x0000000008007308                __libc_fini_array
 .text._localeconv_r
                0x000000000800733c       0x1c /Applications/Ac6/SystemWorkbench.app/Contents/Eclipse/plugins/fr.ac6.mcu.externaltools.arm-none.macos64_1.13.1.201703061524/tools/compiler/bin/../lib/gcc/arm-none-eabi/5.4.1/../../../../arm-none-eabi/lib/armv6-m/libc.a(lib_a-localeconv.o)
                0x000000000800733c                _localeconv_r
 .text._malloc_r
                0x0000000008007358      0x554 /Applications/Ac6/SystemWorkbench.app/Contents/Eclipse/plugins/fr.ac6.mcu.externaltools.arm-none.macos64_1.13.1.201703061524/tools/compiler/bin/../lib/gcc/arm-none-eabi/5.4.1/../../../../arm-none-eabi/lib/armv6-m/libc.a(lib_a-mallocr.o)
                0x0000000008007358                _malloc_r
 .text.memchr   0x00000000080078ac       0x90 /Applications/Ac6/SystemWorkbench.app/Contents/Eclipse/plugins/fr.ac6.mcu.externaltools.arm-none.macos64_1.13.1.201703061524/tools/compiler/bin/../lib/gcc/arm-none-eabi/5.4.1/../../../../arm-none-eabi/lib/armv6-m/libc.a(lib_a-memchr-stub.o)
                0x00000000080078ac                memchr
 .text.__malloc_lock
                0x000000000800793c        0x4 /Applications/Ac6/SystemWorkbench.app/Contents/Eclipse/plugins/fr.ac6.mcu.externaltools.arm-none.macos64_1.13.1.201703061524/tools/compiler/bin/../lib/gcc/arm-none-eabi/5.4.1/../../../../arm-none-eabi/lib/armv6-m/libc.a(lib_a-mlock.o)
                0x000000000800793c                __malloc_lock
 .text.__malloc_unlock
                0x0000000008007940        0x4 /Applications/Ac6/SystemWorkbench.app/Contents/Eclipse/plugins/fr.ac6.mcu.externaltools.arm-none.macos64_1.13.1.201703061524/tools/compiler/bin/../lib/gcc/arm-none-eabi/5.4.1/../../../../arm-none-eabi/lib/armv6-m/libc.a(lib_a-mlock.o)
                0x0000000008007940                __malloc_unlock
 .text._Balloc  0x0000000008007944       0x50 /Applications/Ac6/SystemWorkbench.app/Contents/Eclipse/plugins/fr.ac6.mcu.externaltools.arm-none.macos64_1.13.1.201703061524/tools/compiler/bin/../lib/gcc/arm-none-eabi/5.4.1/../../../../arm-none-eabi/lib/armv6-m/libc.a(lib_a-mprec.o)
                0x0000000008007944                _Balloc
 .text._Bfree   0x0000000008007994       0x14 /Applications/Ac6/SystemWorkbench.app/Contents/Eclipse/plugins/fr.ac6.mcu.externaltools.arm-none.macos64_1.13.1.201703061524/tools/compiler/bin/../lib/gcc/arm-none-eabi/5.4.1/../../../../arm-none-eabi/lib/armv6-m/libc.a(lib_a-mprec.o)
                0x0000000008007994                _Bfree
 .text.__multadd
                0x00000000080079a8       0x8c /Applications/Ac6/SystemWorkbench.app/Contents/Eclipse/plugins/fr.ac6.mcu.externaltools.arm-none.macos64_1.13.1.201703061524/tools/compiler/bin/../lib/gcc/arm-none-eabi/5.4.1/../../../../arm-none-eabi/lib/armv6-m/libc.a(lib_a-mprec.o)
                0x00000000080079a8                __multadd
 .text.__hi0bits
                0x0000000008007a34       0x3c /Applications/Ac6/SystemWorkbench.app/Contents/Eclipse/plugins/fr.ac6.mcu.externaltools.arm-none.macos64_1.13.1.201703061524/tools/compiler/bin/../lib/gcc/arm-none-eabi/5.4.1/../../../../arm-none-eabi/lib/armv6-m/libc.a(lib_a-mprec.o)
                0x0000000008007a34                __hi0bits
 .text.__lo0bits
                0x0000000008007a70       0x5c /Applications/Ac6/SystemWorkbench.app/Contents/Eclipse/plugins/fr.ac6.mcu.externaltools.arm-none.macos64_1.13.1.201703061524/tools/compiler/bin/../lib/gcc/arm-none-eabi/5.4.1/../../../../arm-none-eabi/lib/armv6-m/libc.a(lib_a-mprec.o)
                0x0000000008007a70                __lo0bits
 .text.__i2b    0x0000000008007acc       0x14 /Applications/Ac6/SystemWorkbench.app/Contents/Eclipse/plugins/fr.ac6.mcu.externaltools.arm-none.macos64_1.13.1.201703061524/tools/compiler/bin/../lib/gcc/arm-none-eabi/5.4.1/../../../../arm-none-eabi/lib/armv6-m/libc.a(lib_a-mprec.o)
                0x0000000008007acc                __i2b
 .text.__multiply
                0x0000000008007ae0      0x15c /Applications/Ac6/SystemWorkbench.app/Contents/Eclipse/plugins/fr.ac6.mcu.externaltools.arm-none.macos64_1.13.1.201703061524/tools/compiler/bin/../lib/gcc/arm-none-eabi/5.4.1/../../../../arm-none-eabi/lib/armv6-m/libc.a(lib_a-mprec.o)
                0x0000000008007ae0                __multiply
 .text.__pow5mult
                0x0000000008007c3c       0xbc /Applications/Ac6/SystemWorkbench.app/Contents/Eclipse/plugins/fr.ac6.mcu.externaltools.arm-none.macos64_1.13.1.201703061524/tools/compiler/bin/../lib/gcc/arm-none-eabi/5.4.1/../../../../arm-none-eabi/lib/armv6-m/libc.a(lib_a-mprec.o)
                0x0000000008007c3c                __pow5mult
 .text.__lshift
                0x0000000008007cf8       0xc0 /Applications/Ac6/SystemWorkbench.app/Contents/Eclipse/plugins/fr.ac6.mcu.externaltools.arm-none.macos64_1.13.1.201703061524/tools/compiler/bin/../lib/gcc/arm-none-eabi/5.4.1/../../../../arm-none-eabi/lib/armv6-m/libc.a(lib_a-mprec.o)
                0x0000000008007cf8                __lshift
 .text.__mcmp   0x0000000008007db8       0x3c /Applications/Ac6/SystemWorkbench.app/Contents/Eclipse/plugins/fr.ac6.mcu.externaltools.arm-none.macos64_1.13.1.201703061524/tools/compiler/bin/../lib/gcc/arm-none-eabi/5.4.1/../../../../arm-none-eabi/lib/armv6-m/libc.a(lib_a-mprec.o)
                0x0000000008007db8                __mcmp
 .text.__mdiff  0x0000000008007df4      0x11c /Applications/Ac6/SystemWorkbench.app/Contents/Eclipse/plugins/fr.ac6.mcu.externaltools.arm-none.macos64_1.13.1.201703061524/tools/compiler/bin/../lib/gcc/arm-none-eabi/5.4.1/../../../../arm-none-eabi/lib/armv6-m/libc.a(lib_a-mprec.o)
                0x0000000008007df4                __mdiff
 .text.__d2b    0x0000000008007f10       0xbc /Applications/Ac6/SystemWorkbench.app/Contents/Eclipse/plugins/fr.ac6.mcu.externaltools.arm-none.macos64_1.13.1.201703061524/tools/compiler/bin/../lib/gcc/arm-none-eabi/5.4.1/../../../../arm-none-eabi/lib/armv6-m/libc.a(lib_a-mprec.o)
                0x0000000008007f10                __d2b
 .text._sbrk_r  0x0000000008007fcc       0x24 /Applications/Ac6/SystemWorkbench.app/Contents/Eclipse/plugins/fr.ac6.mcu.externaltools.arm-none.macos64_1.13.1.201703061524/tools/compiler/bin/../lib/gcc/arm-none-eabi/5.4.1/../../../../arm-none-eabi/lib/armv6-m/libc.a(lib_a-sbrkr.o)
                0x0000000008007fcc                _sbrk_r
 .text.strlen   0x0000000008007ff0       0x68 /Applications/Ac6/SystemWorkbench.app/Contents/Eclipse/plugins/fr.ac6.mcu.externaltools.arm-none.macos64_1.13.1.201703061524/tools/compiler/bin/../lib/gcc/arm-none-eabi/5.4.1/../../../../arm-none-eabi/lib/armv6-m/libc.a(lib_a-strlen-stub.o)
                0x0000000008007ff0                strlen
 .text.__ssprint_r
                0x0000000008008058      0x130 /Applications/Ac6/SystemWorkbench.app/Contents/Eclipse/plugins/fr.ac6.mcu.externaltools.arm-none.macos64_1.13.1.201703061524/tools/compiler/bin/../lib/gcc/arm-none-eabi/5.4.1/../../../../arm-none-eabi/lib/armv6-m/libc.a(lib_a-svfiprintf.o)
                0x0000000008008058                __ssprint_r
 .text.__register_exitproc
                0x0000000008008188       0xd4 /Applications/Ac6/SystemWorkbench.app/Contents/Eclipse/plugins/fr.ac6.mcu.externaltools.arm-none.macos64_1.13.1.201703061524/tools/compiler/bin/../lib/gcc/arm-none-eabi/5.4.1/../../../../arm-none-eabi/lib/armv6-m/libc.a(lib_a-__atexit.o)
                0x0000000008008188                __register_exitproc
 .text._calloc_r
                0x000000000800825c       0x60 /Applications/Ac6/SystemWorkbench.app/Contents/Eclipse/plugins/fr.ac6.mcu.externaltools.arm-none.macos64_1.13.1.201703061524/tools/compiler/bin/../lib/gcc/arm-none-eabi/5.4.1/../../../../arm-none-eabi/lib/armv6-m/libc.a(lib_a-callocr.o)
                0x000000000800825c                _calloc_r
 .text._malloc_trim_r
                0x00000000080082bc       0xa0 /Applications/Ac6/SystemWorkbench.app/Contents/Eclipse/plugins/fr.ac6.mcu.externaltools.arm-none.macos64_1.13.1.201703061524/tools/compiler/bin/../lib/gcc/arm-none-eabi/5.4.1/../../../../arm-none-eabi/lib/armv6-m/libc.a(lib_a-freer.o)
                0x00000000080082bc                _malloc_trim_r
 .text._free_r  0x000000000800835c      0x1c4 /Applications/Ac6/SystemWorkbench.app/Contents/Eclipse/plugins/fr.ac6.mcu.externaltools.arm-none.macos64_1.13.1.201703061524/tools/compiler/bin/../lib/gcc/arm-none-eabi/5.4.1/../../../../arm-none-eabi/lib/armv6-m/libc.a(lib_a-freer.o)
                0x000000000800835c                _free_r
 .text.__ascii_mbtowc
                0x0000000008008520       0x2c /Applications/Ac6/SystemWorkbench.app/Contents/Eclipse/plugins/fr.ac6.mcu.externaltools.arm-none.macos64_1.13.1.201703061524/tools/compiler/bin/../lib/gcc/arm-none-eabi/5.4.1/../../../../arm-none-eabi/lib/armv6-m/libc.a(lib_a-mbtowc_r.o)
                0x0000000008008520                __ascii_mbtowc
 .text.memmove  0x000000000800854c       0x98 /Applications/Ac6/SystemWorkbench.app/Contents/Eclipse/plugins/fr.ac6.mcu.externaltools.arm-none.macos64_1.13.1.201703061524/tools/compiler/bin/../lib/gcc/arm-none-eabi/5.4.1/../../../../arm-none-eabi/lib/armv6-m/libc.a(lib_a-memmove.o)
                0x000000000800854c                memmove
 .text._realloc_r
                0x00000000080085e4      0x3dc /Applications/Ac6/SystemWorkbench.app/Contents/Eclipse/plugins/fr.ac6.mcu.externaltools.arm-none.macos64_1.13.1.201703061524/tools/compiler/bin/../lib/gcc/arm-none-eabi/5.4.1/../../../../arm-none-eabi/lib/armv6-m/libc.a(lib_a-reallocr.o)
                0x00000000080085e4                _realloc_r
 .text.__ascii_wctomb
                0x00000000080089c0       0x1c /Applications/Ac6/SystemWorkbench.app/Contents/Eclipse/plugins/fr.ac6.mcu.externaltools.arm-none.macos64_1.13.1.201703061524/tools/compiler/bin/../lib/gcc/arm-none-eabi/5.4.1/../../../../arm-none-eabi/lib/armv6-m/libc.a(lib_a-wctomb_r.o)
                0x00000000080089c0                __ascii_wctomb
 *(.glue_7)
 .glue_7        0x00000000080089dc        0x0 linker stubs
 *(.glue_7t)
 .glue_7t       0x00000000080089dc        0x0 linker stubs
 *(.eh_frame)
 .eh_frame      0x00000000080089dc        0x0 /Applications/Ac6/SystemWorkbench.app/Contents/Eclipse/plugins/fr.ac6.mcu.externaltools.arm-none.macos64_1.13.1.201703061524/tools/compiler/bin/../lib/gcc/arm-none-eabi/5.4.1/armv6-m/crtbegin.o
 *(.init)
 .init          0x00000000080089dc        0x4 /Applications/Ac6/SystemWorkbench.app/Contents/Eclipse/plugins/fr.ac6.mcu.externaltools.arm-none.macos64_1.13.1.201703061524/tools/compiler/bin/../lib/gcc/arm-none-eabi/5.4.1/armv6-m/crti.o
                0x00000000080089dc                _init
 .init          0x00000000080089e0        0x8 /Applications/Ac6/SystemWorkbench.app/Contents/Eclipse/plugins/fr.ac6.mcu.externaltools.arm-none.macos64_1.13.1.201703061524/tools/compiler/bin/../lib/gcc/arm-none-eabi/5.4.1/armv6-m/crtn.o
 *(.fini)
 .fini          0x00000000080089e8        0x4 /Applications/Ac6/SystemWorkbench.app/Contents/Eclipse/plugins/fr.ac6.mcu.externaltools.arm-none.macos64_1.13.1.201703061524/tools/compiler/bin/../lib/gcc/arm-none-eabi/5.4.1/armv6-m/crti.o
                0x00000000080089e8                _fini
 .fini          0x00000000080089ec        0x8 /Applications/Ac6/SystemWorkbench.app/Contents/Eclipse/plugins/fr.ac6.mcu.externaltools.arm-none.macos64_1.13.1.201703061524/tools/compiler/bin/../lib/gcc/arm-none-eabi/5.4.1/armv6-m/crtn.o
                0x00000000080089f4                . = ALIGN (0x4)
                0x00000000080089f4                _etext = .

.vfp11_veneer   0x00000000080089f4        0x0
 .vfp11_veneer  0x00000000080089f4        0x0 linker stubs

.v4_bx          0x00000000080089f4        0x0
 .v4_bx         0x00000000080089f4        0x0 linker stubs

.iplt           0x00000000080089f4        0x0
 .iplt          0x00000000080089f4        0x0 /Applications/Ac6/SystemWorkbench.app/Contents/Eclipse/plugins/fr.ac6.mcu.externaltools.arm-none.macos64_1.13.1.201703061524/tools/compiler/bin/../lib/gcc/arm-none-eabi/5.4.1/armv6-m/crtbegin.o

.rodata         0x00000000080089f8      0x4b4
                0x00000000080089f8                . = ALIGN (0x4)
 *(.rodata)
 .rodata        0x00000000080089f8       0x20 HAL_Driver/Src/stm32f0xx_hal_rcc.o
 .rodata        0x0000000008008a18        0xb src/main.o
 *fill*         0x0000000008008a23        0x1 
 .rodata        0x0000000008008a24       0x18 src/system_stm32f0xx.o
                0x0000000008008a24                AHBPrescTable
                0x0000000008008a34                APBPrescTable
 .rodata        0x0000000008008a3c       0x40 /Applications/Ac6/SystemWorkbench.app/Contents/Eclipse/plugins/fr.ac6.mcu.externaltools.arm-none.macos64_1.13.1.201703061524/tools/compiler/bin/../lib/gcc/arm-none-eabi/5.4.1/armv6-m/libgcc.a(divdf3.o)
 .rodata        0x0000000008008a7c       0x40 /Applications/Ac6/SystemWorkbench.app/Contents/Eclipse/plugins/fr.ac6.mcu.externaltools.arm-none.macos64_1.13.1.201703061524/tools/compiler/bin/../lib/gcc/arm-none-eabi/5.4.1/armv6-m/libgcc.a(muldf3.o)
 *(.rodata*)
 .rodata._global_impure_ptr
                0x0000000008008abc        0x4 /Applications/Ac6/SystemWorkbench.app/Contents/Eclipse/plugins/fr.ac6.mcu.externaltools.arm-none.macos64_1.13.1.201703061524/tools/compiler/bin/../lib/gcc/arm-none-eabi/5.4.1/../../../../arm-none-eabi/lib/armv6-m/libc.a(lib_a-impure.o)
                0x0000000008008abc                _global_impure_ptr
 .rodata._svfprintf_r
                0x0000000008008ac0      0x164 /Applications/Ac6/SystemWorkbench.app/Contents/Eclipse/plugins/fr.ac6.mcu.externaltools.arm-none.macos64_1.13.1.201703061524/tools/compiler/bin/../lib/gcc/arm-none-eabi/5.4.1/../../../../arm-none-eabi/lib/armv6-m/libc.a(lib_a-svfprintf.o)
 .rodata.zeroes.7256
                0x0000000008008c24       0x10 /Applications/Ac6/SystemWorkbench.app/Contents/Eclipse/plugins/fr.ac6.mcu.externaltools.arm-none.macos64_1.13.1.201703061524/tools/compiler/bin/../lib/gcc/arm-none-eabi/5.4.1/../../../../arm-none-eabi/lib/armv6-m/libc.a(lib_a-svfprintf.o)
 .rodata.str1.4
                0x0000000008008c34       0x42 /Applications/Ac6/SystemWorkbench.app/Contents/Eclipse/plugins/fr.ac6.mcu.externaltools.arm-none.macos64_1.13.1.201703061524/tools/compiler/bin/../lib/gcc/arm-none-eabi/5.4.1/../../../../arm-none-eabi/lib/armv6-m/libc.a(lib_a-svfprintf.o)
 *fill*         0x0000000008008c76        0x2 
 .rodata.blanks.7255
                0x0000000008008c78       0x10 /Applications/Ac6/SystemWorkbench.app/Contents/Eclipse/plugins/fr.ac6.mcu.externaltools.arm-none.macos64_1.13.1.201703061524/tools/compiler/bin/../lib/gcc/arm-none-eabi/5.4.1/../../../../arm-none-eabi/lib/armv6-m/libc.a(lib_a-svfprintf.o)
 .rodata.str1.4
                0x0000000008008c88       0x10 /Applications/Ac6/SystemWorkbench.app/Contents/Eclipse/plugins/fr.ac6.mcu.externaltools.arm-none.macos64_1.13.1.201703061524/tools/compiler/bin/../lib/gcc/arm-none-eabi/5.4.1/../../../../arm-none-eabi/lib/armv6-m/libc.a(lib_a-dtoa.o)
                                         0x12 (size before relaxing)
 .rodata.__mprec_tens
                0x0000000008008c98       0xc8 /Applications/Ac6/SystemWorkbench.app/Contents/Eclipse/plugins/fr.ac6.mcu.externaltools.arm-none.macos64_1.13.1.201703061524/tools/compiler/bin/../lib/gcc/arm-none-eabi/5.4.1/../../../../arm-none-eabi/lib/armv6-m/libc.a(lib_a-mprec.o)
                0x0000000008008c98                __mprec_tens
 .rodata.p05.6085
                0x0000000008008d60        0xc /Applications/Ac6/SystemWorkbench.app/Contents/Eclipse/plugins/fr.ac6.mcu.externaltools.arm-none.macos64_1.13.1.201703061524/tools/compiler/bin/../lib/gcc/arm-none-eabi/5.4.1/../../../../arm-none-eabi/lib/armv6-m/libc.a(lib_a-mprec.o)
 *fill*         0x0000000008008d6c        0x4 
 .rodata.__mprec_bigtens
                0x0000000008008d70       0x28 /Applications/Ac6/SystemWorkbench.app/Contents/Eclipse/plugins/fr.ac6.mcu.externaltools.arm-none.macos64_1.13.1.201703061524/tools/compiler/bin/../lib/gcc/arm-none-eabi/5.4.1/../../../../arm-none-eabi/lib/armv6-m/libc.a(lib_a-mprec.o)
                0x0000000008008d70                __mprec_bigtens
 .rodata.str1.4
                0x0000000008008d98       0x10 /Applications/Ac6/SystemWorkbench.app/Contents/Eclipse/plugins/fr.ac6.mcu.externaltools.arm-none.macos64_1.13.1.201703061524/tools/compiler/bin/../lib/gcc/arm-none-eabi/5.4.1/../../../../arm-none-eabi/lib/armv6-m/libc.a(lib_a-locale.o)
                                         0x12 (size before relaxing)
 .rodata._ctype_
                0x0000000008008da8      0x101 /Applications/Ac6/SystemWorkbench.app/Contents/Eclipse/plugins/fr.ac6.mcu.externaltools.arm-none.macos64_1.13.1.201703061524/tools/compiler/bin/../lib/gcc/arm-none-eabi/5.4.1/../../../../arm-none-eabi/lib/armv6-m/libc.a(lib_a-ctype_.o)
                0x0000000008008da8                _ctype_
                0x0000000008008eac                . = ALIGN (0x4)
 *fill*         0x0000000008008ea9        0x3 

.ARM.extab
 *(.ARM.extab* .gnu.linkonce.armextab.*)

.ARM            0x0000000008008eac        0x8
                0x0000000008008eac                __exidx_start = .
 *(.ARM.exidx*)
 .ARM.exidx     0x0000000008008eac        0x8 /Applications/Ac6/SystemWorkbench.app/Contents/Eclipse/plugins/fr.ac6.mcu.externaltools.arm-none.macos64_1.13.1.201703061524/tools/compiler/bin/../lib/gcc/arm-none-eabi/5.4.1/armv6-m/libgcc.a(_udivmoddi4.o)
                0x0000000008008eb4                __exidx_end = .

.rel.dyn        0x0000000008008eb4        0x0
 .rel.iplt      0x0000000008008eb4        0x0 /Applications/Ac6/SystemWorkbench.app/Contents/Eclipse/plugins/fr.ac6.mcu.externaltools.arm-none.macos64_1.13.1.201703061524/tools/compiler/bin/../lib/gcc/arm-none-eabi/5.4.1/armv6-m/crtbegin.o

.preinit_array  0x0000000008008eb4        0x0
                0x0000000008008eb4                PROVIDE (__preinit_array_start, .)
 *(.preinit_array*)
                0x0000000008008eb4                PROVIDE (__preinit_array_end, .)

.init_array     0x0000000008008eb4        0x8
                0x0000000008008eb4                PROVIDE (__init_array_start, .)
 *(SORT(.init_array.*))
 .init_array.00000
                0x0000000008008eb4        0x4 /Applications/Ac6/SystemWorkbench.app/Contents/Eclipse/plugins/fr.ac6.mcu.externaltools.arm-none.macos64_1.13.1.201703061524/tools/compiler/bin/../lib/gcc/arm-none-eabi/5.4.1/../../../../arm-none-eabi/lib/armv6-m/libc.a(lib_a-__call_atexit.o)
 *(.init_array*)
 .init_array    0x0000000008008eb8        0x4 /Applications/Ac6/SystemWorkbench.app/Contents/Eclipse/plugins/fr.ac6.mcu.externaltools.arm-none.macos64_1.13.1.201703061524/tools/compiler/bin/../lib/gcc/arm-none-eabi/5.4.1/armv6-m/crtbegin.o
                0x0000000008008ebc                PROVIDE (__init_array_end, .)

.fini_array     0x0000000008008ebc        0x4
                0x0000000008008ebc                PROVIDE (__fini_array_start, .)
 *(SORT(.fini_array.*))
 *(.fini_array*)
 .fini_array    0x0000000008008ebc        0x4 /Applications/Ac6/SystemWorkbench.app/Contents/Eclipse/plugins/fr.ac6.mcu.externaltools.arm-none.macos64_1.13.1.201703061524/tools/compiler/bin/../lib/gcc/arm-none-eabi/5.4.1/armv6-m/crtbegin.o
                0x0000000008008ec0                PROVIDE (__fini_array_end, .)
                0x0000000008008ec0                _sidata = LOADADDR (.data)

.data           0x0000000020000000      0x9b0 load address 0x0000000008008ec0
                0x0000000020000000                . = ALIGN (0x4)
                0x0000000020000000                _sdata = .
 *(.data)
 .data          0x0000000020000000        0x4 src/system_stm32f0xx.o
                0x0000000020000000                SystemCoreClock
 *(.data*)
 *fill*         0x0000000020000004        0x4 
 .data.impure_data
                0x0000000020000008      0x428 /Applications/Ac6/SystemWorkbench.app/Contents/Eclipse/plugins/fr.ac6.mcu.externaltools.arm-none.macos64_1.13.1.201703061524/tools/compiler/bin/../lib/gcc/arm-none-eabi/5.4.1/../../../../arm-none-eabi/lib/armv6-m/libc.a(lib_a-impure.o)
 .data._impure_ptr
                0x0000000020000430        0x4 /Applications/Ac6/SystemWorkbench.app/Contents/Eclipse/plugins/fr.ac6.mcu.externaltools.arm-none.macos64_1.13.1.201703061524/tools/compiler/bin/../lib/gcc/arm-none-eabi/5.4.1/../../../../arm-none-eabi/lib/armv6-m/libc.a(lib_a-impure.o)
                0x0000000020000430                _impure_ptr
 .data.__malloc_av_
                0x0000000020000434      0x408 /Applications/Ac6/SystemWorkbench.app/Contents/Eclipse/plugins/fr.ac6.mcu.externaltools.arm-none.macos64_1.13.1.201703061524/tools/compiler/bin/../lib/gcc/arm-none-eabi/5.4.1/../../../../arm-none-eabi/lib/armv6-m/libc.a(lib_a-mallocr.o)
                0x0000000020000434                __malloc_av_
 .data.__malloc_trim_threshold
                0x000000002000083c        0x4 /Applications/Ac6/SystemWorkbench.app/Contents/Eclipse/plugins/fr.ac6.mcu.externaltools.arm-none.macos64_1.13.1.201703061524/tools/compiler/bin/../lib/gcc/arm-none-eabi/5.4.1/../../../../arm-none-eabi/lib/armv6-m/libc.a(lib_a-mallocr.o)
                0x000000002000083c                __malloc_trim_threshold
 .data.__malloc_sbrk_base
                0x0000000020000840        0x4 /Applications/Ac6/SystemWorkbench.app/Contents/Eclipse/plugins/fr.ac6.mcu.externaltools.arm-none.macos64_1.13.1.201703061524/tools/compiler/bin/../lib/gcc/arm-none-eabi/5.4.1/../../../../arm-none-eabi/lib/armv6-m/libc.a(lib_a-mallocr.o)
                0x0000000020000840                __malloc_sbrk_base
 .data.__global_locale
                0x0000000020000844      0x16c /Applications/Ac6/SystemWorkbench.app/Contents/Eclipse/plugins/fr.ac6.mcu.externaltools.arm-none.macos64_1.13.1.201703061524/tools/compiler/bin/../lib/gcc/arm-none-eabi/5.4.1/../../../../arm-none-eabi/lib/armv6-m/libc.a(lib_a-locale.o)
                0x0000000020000844                __global_locale
                0x00000000200009b0                . = ALIGN (0x4)
                0x00000000200009b0                _edata = .

.jcr            0x00000000200009b0        0x0 load address 0x0000000008009870
 .jcr           0x00000000200009b0        0x0 /Applications/Ac6/SystemWorkbench.app/Contents/Eclipse/plugins/fr.ac6.mcu.externaltools.arm-none.macos64_1.13.1.201703061524/tools/compiler/bin/../lib/gcc/arm-none-eabi/5.4.1/armv6-m/crtbegin.o

.igot.plt       0x00000000200009b0        0x0 load address 0x0000000008009870
 .igot.plt      0x00000000200009b0        0x0 /Applications/Ac6/SystemWorkbench.app/Contents/Eclipse/plugins/fr.ac6.mcu.externaltools.arm-none.macos64_1.13.1.201703061524/tools/compiler/bin/../lib/gcc/arm-none-eabi/5.4.1/armv6-m/crtbegin.o
                0x00000000200009b0                . = ALIGN (0x4)

.bss            0x00000000200009b0       0x7c load address 0x0000000008009870
                0x00000000200009b0                _sbss = .
                0x00000000200009b0                __bss_start__ = _sbss
 *(.bss)
 .bss           0x00000000200009b0       0x1c /Applications/Ac6/SystemWorkbench.app/Contents/Eclipse/plugins/fr.ac6.mcu.externaltools.arm-none.macos64_1.13.1.201703061524/tools/compiler/bin/../lib/gcc/arm-none-eabi/5.4.1/armv6-m/crtbegin.o
 .bss           0x00000000200009cc       0x1c src/main.o
 .bss           0x00000000200009e8        0x8 src/syscalls.o
                0x00000000200009e8                __env
 *(.bss*)
 .bss.__malloc_max_total_mem
                0x00000000200009f0        0x4 /Applications/Ac6/SystemWorkbench.app/Contents/Eclipse/plugins/fr.ac6.mcu.externaltools.arm-none.macos64_1.13.1.201703061524/tools/compiler/bin/../lib/gcc/arm-none-eabi/5.4.1/../../../../arm-none-eabi/lib/armv6-m/libc.a(lib_a-mallocr.o)
                0x00000000200009f0                __malloc_max_total_mem
 .bss.__malloc_max_sbrked_mem
                0x00000000200009f4        0x4 /Applications/Ac6/SystemWorkbench.app/Contents/Eclipse/plugins/fr.ac6.mcu.externaltools.arm-none.macos64_1.13.1.201703061524/tools/compiler/bin/../lib/gcc/arm-none-eabi/5.4.1/../../../../arm-none-eabi/lib/armv6-m/libc.a(lib_a-mallocr.o)
                0x00000000200009f4                __malloc_max_sbrked_mem
 .bss.__malloc_top_pad
                0x00000000200009f8        0x4 /Applications/Ac6/SystemWorkbench.app/Contents/Eclipse/plugins/fr.ac6.mcu.externaltools.arm-none.macos64_1.13.1.201703061524/tools/compiler/bin/../lib/gcc/arm-none-eabi/5.4.1/../../../../arm-none-eabi/lib/armv6-m/libc.a(lib_a-mallocr.o)
                0x00000000200009f8                __malloc_top_pad
 .bss.__malloc_current_mallinfo
                0x00000000200009fc       0x28 /Applications/Ac6/SystemWorkbench.app/Contents/Eclipse/plugins/fr.ac6.mcu.externaltools.arm-none.macos64_1.13.1.201703061524/tools/compiler/bin/../lib/gcc/arm-none-eabi/5.4.1/../../../../arm-none-eabi/lib/armv6-m/libc.a(lib_a-mallocr.o)
                0x00000000200009fc                __malloc_current_mallinfo
 *(COMMON)
 COMMON         0x0000000020000a24        0x4 HAL_Driver/Src/stm32f0xx_hal.o
                0x0000000020000a24                uwTick
 COMMON         0x0000000020000a28        0x4 /Applications/Ac6/SystemWorkbench.app/Contents/Eclipse/plugins/fr.ac6.mcu.externaltools.arm-none.macos64_1.13.1.201703061524/tools/compiler/bin/../lib/gcc/arm-none-eabi/5.4.1/../../../../arm-none-eabi/lib/armv6-m/libc.a(lib_a-reent.o)
                0x0000000020000a28                errno
                0x0000000020000a2c                . = ALIGN (0x4)
                0x0000000020000a2c                _ebss = .
                0x0000000020000a2c                __bss_end__ = _ebss

._user_heap_stack
                0x0000000020000a2c      0x804 load address 0x0000000008009870
                0x0000000020000a30                . = ALIGN (0x8)
 *fill*         0x0000000020000a2c        0x4 
                0x0000000020000a30                PROVIDE (end, .)
                [!provide]                        PROVIDE (_end, .)
                0x0000000020000a30                . = (. + _Min_Heap_Size)
                0x0000000020001230                . = (. + _Min_Stack_Size)
 *fill*         0x0000000020000a30      0x800 
                0x0000000020001230                . = ALIGN (0x8)

/DISCARD/
 libc.a(*)
 libm.a(*)
 libgcc.a(*)

.ARM.attributes
                0x0000000000000000       0x28
 *(.ARM.attributes)
 .ARM.attributes
                0x0000000000000000       0x1e /Applications/Ac6/SystemWorkbench.app/Contents/Eclipse/plugins/fr.ac6.mcu.externaltools.arm-none.macos64_1.13.1.201703061524/tools/compiler/bin/../lib/gcc/arm-none-eabi/5.4.1/armv6-m/crti.o
 .ARM.attributes
                0x000000000000001e       0x2c /Applications/Ac6/SystemWorkbench.app/Contents/Eclipse/plugins/fr.ac6.mcu.externaltools.arm-none.macos64_1.13.1.201703061524/tools/compiler/bin/../lib/gcc/arm-none-eabi/5.4.1/armv6-m/crtbegin.o
 .ARM.attributes
                0x000000000000004a       0x31 HAL_Driver/Src/stm32f0xx_hal.o
 .ARM.attributes
                0x000000000000007b       0x31 HAL_Driver/Src/stm32f0xx_hal_can.o
 .ARM.attributes
                0x00000000000000ac       0x31 HAL_Driver/Src/stm32f0xx_hal_cortex.o
 .ARM.attributes
                0x00000000000000dd       0x31 HAL_Driver/Src/stm32f0xx_hal_gpio.o
 .ARM.attributes
                0x000000000000010e       0x31 HAL_Driver/Src/stm32f0xx_hal_i2c.o
 .ARM.attributes
                0x000000000000013f       0x31 HAL_Driver/Src/stm32f0xx_hal_msp_template.o
 .ARM.attributes
                0x0000000000000170       0x31 HAL_Driver/Src/stm32f0xx_hal_rcc.o
 .ARM.attributes
                0x00000000000001a1       0x31 HAL_Driver/Src/stm32f0xx_hal_rcc_ex.o
 .ARM.attributes
                0x00000000000001d2       0x31 src/main.o
 .ARM.attributes
                0x0000000000000203       0x31 src/stm32f0xx_it.o
 .ARM.attributes
                0x0000000000000234       0x31 src/syscalls.o
 .ARM.attributes
                0x0000000000000265       0x31 src/system_stm32f0xx.o
 .ARM.attributes
                0x0000000000000296       0x21 startup/startup_stm32f072xb.o
 .ARM.attributes
                0x00000000000002b7       0x1e /Applications/Ac6/SystemWorkbench.app/Contents/Eclipse/plugins/fr.ac6.mcu.externaltools.arm-none.macos64_1.13.1.201703061524/tools/compiler/bin/../lib/gcc/arm-none-eabi/5.4.1/armv6-m/libgcc.a(_udivsi3.o)
 .ARM.attributes
                0x00000000000002d5       0x1e /Applications/Ac6/SystemWorkbench.app/Contents/Eclipse/plugins/fr.ac6.mcu.externaltools.arm-none.macos64_1.13.1.201703061524/tools/compiler/bin/../lib/gcc/arm-none-eabi/5.4.1/armv6-m/libgcc.a(_dvmd_tls.o)
 .ARM.attributes
                0x00000000000002f3       0x2c /Applications/Ac6/SystemWorkbench.app/Contents/Eclipse/plugins/fr.ac6.mcu.externaltools.arm-none.macos64_1.13.1.201703061524/tools/compiler/bin/../lib/gcc/arm-none-eabi/5.4.1/../../../../arm-none-eabi/lib/armv6-m/libc.a(lib_a-errno.o)
 .ARM.attributes
                0x000000000000031f       0x2c /Applications/Ac6/SystemWorkbench.app/Contents/Eclipse/plugins/fr.ac6.mcu.externaltools.arm-none.macos64_1.13.1.201703061524/tools/compiler/bin/../lib/gcc/arm-none-eabi/5.4.1/../../../../arm-none-eabi/lib/armv6-m/libc.a(lib_a-impure.o)
 .ARM.attributes
                0x000000000000034b       0x2c /Applications/Ac6/SystemWorkbench.app/Contents/Eclipse/plugins/fr.ac6.mcu.externaltools.arm-none.macos64_1.13.1.201703061524/tools/compiler/bin/../lib/gcc/arm-none-eabi/5.4.1/../../../../arm-none-eabi/lib/armv6-m/libc.a(lib_a-init.o)
 .ARM.attributes
                0x0000000000000377       0x2c /Applications/Ac6/SystemWorkbench.app/Contents/Eclipse/plugins/fr.ac6.mcu.externaltools.arm-none.macos64_1.13.1.201703061524/tools/compiler/bin/../lib/gcc/arm-none-eabi/5.4.1/../../../../arm-none-eabi/lib/armv6-m/libc.a(lib_a-memcpy-stub.o)
 .ARM.attributes
                0x00000000000003a3       0x2c /Applications/Ac6/SystemWorkbench.app/Contents/Eclipse/plugins/fr.ac6.mcu.externaltools.arm-none.macos64_1.13.1.201703061524/tools/compiler/bin/../lib/gcc/arm-none-eabi/5.4.1/../../../../arm-none-eabi/lib/armv6-m/libc.a(lib_a-memset.o)
 .ARM.attributes
                0x00000000000003cf       0x2c /Applications/Ac6/SystemWorkbench.app/Contents/Eclipse/plugins/fr.ac6.mcu.externaltools.arm-none.macos64_1.13.1.201703061524/tools/compiler/bin/../lib/gcc/arm-none-eabi/5.4.1/../../../../arm-none-eabi/lib/armv6-m/libc.a(lib_a-sprintf.o)
 .ARM.attributes
                0x00000000000003fb       0x2c /Applications/Ac6/SystemWorkbench.app/Contents/Eclipse/plugins/fr.ac6.mcu.externaltools.arm-none.macos64_1.13.1.201703061524/tools/compiler/bin/../lib/gcc/arm-none-eabi/5.4.1/../../../../arm-none-eabi/lib/armv6-m/libc.a(lib_a-svfprintf.o)
 .ARM.attributes
                0x0000000000000427       0x2c /Applications/Ac6/SystemWorkbench.app/Contents/Eclipse/plugins/fr.ac6.mcu.externaltools.arm-none.macos64_1.13.1.201703061524/tools/compiler/bin/../lib/gcc/arm-none-eabi/5.4.1/../../../../arm-none-eabi/lib/armv6-m/libc.a(lib_a-__call_atexit.o)
 .ARM.attributes
                0x0000000000000453       0x2c /Applications/Ac6/SystemWorkbench.app/Contents/Eclipse/plugins/fr.ac6.mcu.externaltools.arm-none.macos64_1.13.1.201703061524/tools/compiler/bin/../lib/gcc/arm-none-eabi/5.4.1/../../../../arm-none-eabi/lib/armv6-m/libc.a(lib_a-atexit.o)
 .ARM.attributes
                0x000000000000047f       0x2c /Applications/Ac6/SystemWorkbench.app/Contents/Eclipse/plugins/fr.ac6.mcu.externaltools.arm-none.macos64_1.13.1.201703061524/tools/compiler/bin/../lib/gcc/arm-none-eabi/5.4.1/../../../../arm-none-eabi/lib/armv6-m/libc.a(lib_a-dtoa.o)
 .ARM.attributes
                0x00000000000004ab       0x2c /Applications/Ac6/SystemWorkbench.app/Contents/Eclipse/plugins/fr.ac6.mcu.externaltools.arm-none.macos64_1.13.1.201703061524/tools/compiler/bin/../lib/gcc/arm-none-eabi/5.4.1/../../../../arm-none-eabi/lib/armv6-m/libc.a(lib_a-fini.o)
 .ARM.attributes
                0x00000000000004d7       0x2c /Applications/Ac6/SystemWorkbench.app/Contents/Eclipse/plugins/fr.ac6.mcu.externaltools.arm-none.macos64_1.13.1.201703061524/tools/compiler/bin/../lib/gcc/arm-none-eabi/5.4.1/../../../../arm-none-eabi/lib/armv6-m/libc.a(lib_a-localeconv.o)
 .ARM.attributes
                0x0000000000000503       0x2c /Applications/Ac6/SystemWorkbench.app/Contents/Eclipse/plugins/fr.ac6.mcu.externaltools.arm-none.macos64_1.13.1.201703061524/tools/compiler/bin/../lib/gcc/arm-none-eabi/5.4.1/../../../../arm-none-eabi/lib/armv6-m/libc.a(lib_a-mallocr.o)
 .ARM.attributes
                0x000000000000052f       0x2c /Applications/Ac6/SystemWorkbench.app/Contents/Eclipse/plugins/fr.ac6.mcu.externaltools.arm-none.macos64_1.13.1.201703061524/tools/compiler/bin/../lib/gcc/arm-none-eabi/5.4.1/../../../../arm-none-eabi/lib/armv6-m/libc.a(lib_a-memchr-stub.o)
 .ARM.attributes
                0x000000000000055b       0x2c /Applications/Ac6/SystemWorkbench.app/Contents/Eclipse/plugins/fr.ac6.mcu.externaltools.arm-none.macos64_1.13.1.201703061524/tools/compiler/bin/../lib/gcc/arm-none-eabi/5.4.1/../../../../arm-none-eabi/lib/armv6-m/libc.a(lib_a-mlock.o)
 .ARM.attributes
                0x0000000000000587       0x2c /Applications/Ac6/SystemWorkbench.app/Contents/Eclipse/plugins/fr.ac6.mcu.externaltools.arm-none.macos64_1.13.1.201703061524/tools/compiler/bin/../lib/gcc/arm-none-eabi/5.4.1/../../../../arm-none-eabi/lib/armv6-m/libc.a(lib_a-mprec.o)
 .ARM.attributes
                0x00000000000005b3       0x2c /Applications/Ac6/SystemWorkbench.app/Contents/Eclipse/plugins/fr.ac6.mcu.externaltools.arm-none.macos64_1.13.1.201703061524/tools/compiler/bin/../lib/gcc/arm-none-eabi/5.4.1/../../../../arm-none-eabi/lib/armv6-m/libc.a(lib_a-sbrkr.o)
 .ARM.attributes
                0x00000000000005df       0x2c /Applications/Ac6/SystemWorkbench.app/Contents/Eclipse/plugins/fr.ac6.mcu.externaltools.arm-none.macos64_1.13.1.201703061524/tools/compiler/bin/../lib/gcc/arm-none-eabi/5.4.1/../../../../arm-none-eabi/lib/armv6-m/libc.a(lib_a-strlen-stub.o)
 .ARM.attributes
                0x000000000000060b       0x2c /Applications/Ac6/SystemWorkbench.app/Contents/Eclipse/plugins/fr.ac6.mcu.externaltools.arm-none.macos64_1.13.1.201703061524/tools/compiler/bin/../lib/gcc/arm-none-eabi/5.4.1/../../../../arm-none-eabi/lib/armv6-m/libc.a(lib_a-svfiprintf.o)
 .ARM.attributes
                0x0000000000000637       0x2c /Applications/Ac6/SystemWorkbench.app/Contents/Eclipse/plugins/fr.ac6.mcu.externaltools.arm-none.macos64_1.13.1.201703061524/tools/compiler/bin/../lib/gcc/arm-none-eabi/5.4.1/../../../../arm-none-eabi/lib/armv6-m/libc.a(lib_a-__atexit.o)
 .ARM.attributes
                0x0000000000000663       0x2c /Applications/Ac6/SystemWorkbench.app/Contents/Eclipse/plugins/fr.ac6.mcu.externaltools.arm-none.macos64_1.13.1.201703061524/tools/compiler/bin/../lib/gcc/arm-none-eabi/5.4.1/../../../../arm-none-eabi/lib/armv6-m/libc.a(lib_a-callocr.o)
 .ARM.attributes
                0x000000000000068f       0x2c /Applications/Ac6/SystemWorkbench.app/Contents/Eclipse/plugins/fr.ac6.mcu.externaltools.arm-none.macos64_1.13.1.201703061524/tools/compiler/bin/../lib/gcc/arm-none-eabi/5.4.1/../../../../arm-none-eabi/lib/armv6-m/libc.a(lib_a-freer.o)
 .ARM.attributes
                0x00000000000006bb       0x2c /Applications/Ac6/SystemWorkbench.app/Contents/Eclipse/plugins/fr.ac6.mcu.externaltools.arm-none.macos64_1.13.1.201703061524/tools/compiler/bin/../lib/gcc/arm-none-eabi/5.4.1/../../../../arm-none-eabi/lib/armv6-m/libc.a(lib_a-locale.o)
 .ARM.attributes
                0x00000000000006e7       0x2c /Applications/Ac6/SystemWorkbench.app/Contents/Eclipse/plugins/fr.ac6.mcu.externaltools.arm-none.macos64_1.13.1.201703061524/tools/compiler/bin/../lib/gcc/arm-none-eabi/5.4.1/../../../../arm-none-eabi/lib/armv6-m/libc.a(lib_a-mbtowc_r.o)
 .ARM.attributes
                0x0000000000000713       0x2c /Applications/Ac6/SystemWorkbench.app/Contents/Eclipse/plugins/fr.ac6.mcu.externaltools.arm-none.macos64_1.13.1.201703061524/tools/compiler/bin/../lib/gcc/arm-none-eabi/5.4.1/../../../../arm-none-eabi/lib/armv6-m/libc.a(lib_a-memmove.o)
 .ARM.attributes
                0x000000000000073f       0x2c /Applications/Ac6/SystemWorkbench.app/Contents/Eclipse/plugins/fr.ac6.mcu.externaltools.arm-none.macos64_1.13.1.201703061524/tools/compiler/bin/../lib/gcc/arm-none-eabi/5.4.1/../../../../arm-none-eabi/lib/armv6-m/libc.a(lib_a-reallocr.o)
 .ARM.attributes
                0x000000000000076b       0x2c /Applications/Ac6/SystemWorkbench.app/Contents/Eclipse/plugins/fr.ac6.mcu.externaltools.arm-none.macos64_1.13.1.201703061524/tools/compiler/bin/../lib/gcc/arm-none-eabi/5.4.1/../../../../arm-none-eabi/lib/armv6-m/libc.a(lib_a-reent.o)
 .ARM.attributes
                0x0000000000000797       0x2c /Applications/Ac6/SystemWorkbench.app/Contents/Eclipse/plugins/fr.ac6.mcu.externaltools.arm-none.macos64_1.13.1.201703061524/tools/compiler/bin/../lib/gcc/arm-none-eabi/5.4.1/../../../../arm-none-eabi/lib/armv6-m/libc.a(lib_a-wctomb_r.o)
 .ARM.attributes
                0x00000000000007c3       0x2c /Applications/Ac6/SystemWorkbench.app/Contents/Eclipse/plugins/fr.ac6.mcu.externaltools.arm-none.macos64_1.13.1.201703061524/tools/compiler/bin/../lib/gcc/arm-none-eabi/5.4.1/../../../../arm-none-eabi/lib/armv6-m/libc.a(lib_a-ctype_.o)
 .ARM.attributes
                0x00000000000007ef       0x1e /Applications/Ac6/SystemWorkbench.app/Contents/Eclipse/plugins/fr.ac6.mcu.externaltools.arm-none.macos64_1.13.1.201703061524/tools/compiler/bin/../lib/gcc/arm-none-eabi/5.4.1/armv6-m/libgcc.a(_divsi3.o)
 .ARM.attributes
                0x000000000000080d       0x1e /Applications/Ac6/SystemWorkbench.app/Contents/Eclipse/plugins/fr.ac6.mcu.externaltools.arm-none.macos64_1.13.1.201703061524/tools/compiler/bin/../lib/gcc/arm-none-eabi/5.4.1/armv6-m/libgcc.a(_arm_cmpdf2.o)
 .ARM.attributes
                0x000000000000082b       0x1e /Applications/Ac6/SystemWorkbench.app/Contents/Eclipse/plugins/fr.ac6.mcu.externaltools.arm-none.macos64_1.13.1.201703061524/tools/compiler/bin/../lib/gcc/arm-none-eabi/5.4.1/armv6-m/libgcc.a(_aeabi_uldivmod.o)
 .ARM.attributes
                0x0000000000000849       0x2c /Applications/Ac6/SystemWorkbench.app/Contents/Eclipse/plugins/fr.ac6.mcu.externaltools.arm-none.macos64_1.13.1.201703061524/tools/compiler/bin/../lib/gcc/arm-none-eabi/5.4.1/armv6-m/libgcc.a(_udivmoddi4.o)
 .ARM.attributes
                0x0000000000000875       0x2c /Applications/Ac6/SystemWorkbench.app/Contents/Eclipse/plugins/fr.ac6.mcu.externaltools.arm-none.macos64_1.13.1.201703061524/tools/compiler/bin/../lib/gcc/arm-none-eabi/5.4.1/armv6-m/libgcc.a(adddf3.o)
 .ARM.attributes
                0x00000000000008a1       0x2c /Applications/Ac6/SystemWorkbench.app/Contents/Eclipse/plugins/fr.ac6.mcu.externaltools.arm-none.macos64_1.13.1.201703061524/tools/compiler/bin/../lib/gcc/arm-none-eabi/5.4.1/armv6-m/libgcc.a(divdf3.o)
 .ARM.attributes
                0x00000000000008cd       0x2c /Applications/Ac6/SystemWorkbench.app/Contents/Eclipse/plugins/fr.ac6.mcu.externaltools.arm-none.macos64_1.13.1.201703061524/tools/compiler/bin/../lib/gcc/arm-none-eabi/5.4.1/armv6-m/libgcc.a(eqdf2.o)
 .ARM.attributes
                0x00000000000008f9       0x2c /Applications/Ac6/SystemWorkbench.app/Contents/Eclipse/plugins/fr.ac6.mcu.externaltools.arm-none.macos64_1.13.1.201703061524/tools/compiler/bin/../lib/gcc/arm-none-eabi/5.4.1/armv6-m/libgcc.a(gedf2.o)
 .ARM.attributes
                0x0000000000000925       0x2c /Applications/Ac6/SystemWorkbench.app/Contents/Eclipse/plugins/fr.ac6.mcu.externaltools.arm-none.macos64_1.13.1.201703061524/tools/compiler/bin/../lib/gcc/arm-none-eabi/5.4.1/armv6-m/libgcc.a(ledf2.o)
 .ARM.attributes
                0x0000000000000951       0x2c /Applications/Ac6/SystemWorkbench.app/Contents/Eclipse/plugins/fr.ac6.mcu.externaltools.arm-none.macos64_1.13.1.201703061524/tools/compiler/bin/../lib/gcc/arm-none-eabi/5.4.1/armv6-m/libgcc.a(muldf3.o)
 .ARM.attributes
                0x000000000000097d       0x2c /Applications/Ac6/SystemWorkbench.app/Contents/Eclipse/plugins/fr.ac6.mcu.externaltools.arm-none.macos64_1.13.1.201703061524/tools/compiler/bin/../lib/gcc/arm-none-eabi/5.4.1/armv6-m/libgcc.a(subdf3.o)
 .ARM.attributes
                0x00000000000009a9       0x2c /Applications/Ac6/SystemWorkbench.app/Contents/Eclipse/plugins/fr.ac6.mcu.externaltools.arm-none.macos64_1.13.1.201703061524/tools/compiler/bin/../lib/gcc/arm-none-eabi/5.4.1/armv6-m/libgcc.a(unorddf2.o)
 .ARM.attributes
                0x00000000000009d5       0x2c /Applications/Ac6/SystemWorkbench.app/Contents/Eclipse/plugins/fr.ac6.mcu.externaltools.arm-none.macos64_1.13.1.201703061524/tools/compiler/bin/../lib/gcc/arm-none-eabi/5.4.1/armv6-m/libgcc.a(fixdfsi.o)
 .ARM.attributes
                0x0000000000000a01       0x2c /Applications/Ac6/SystemWorkbench.app/Contents/Eclipse/plugins/fr.ac6.mcu.externaltools.arm-none.macos64_1.13.1.201703061524/tools/compiler/bin/../lib/gcc/arm-none-eabi/5.4.1/armv6-m/libgcc.a(floatsidf.o)
 .ARM.attributes
                0x0000000000000a2d       0x2c /Applications/Ac6/SystemWorkbench.app/Contents/Eclipse/plugins/fr.ac6.mcu.externaltools.arm-none.macos64_1.13.1.201703061524/tools/compiler/bin/../lib/gcc/arm-none-eabi/5.4.1/armv6-m/libgcc.a(floatunsidf.o)
 .ARM.attributes
                0x0000000000000a59       0x1e /Applications/Ac6/SystemWorkbench.app/Contents/Eclipse/plugins/fr.ac6.mcu.externaltools.arm-none.macos64_1.13.1.201703061524/tools/compiler/bin/../lib/gcc/arm-none-eabi/5.4.1/armv6-m/libgcc.a(_clzsi2.o)
 .ARM.attributes
                0x0000000000000a77       0x1e /Applications/Ac6/SystemWorkbench.app/Contents/Eclipse/plugins/fr.ac6.mcu.externaltools.arm-none.macos64_1.13.1.201703061524/tools/compiler/bin/../lib/gcc/arm-none-eabi/5.4.1/armv6-m/libgcc.a(_clzdi2.o)
 .ARM.attributes
                0x0000000000000a95       0x1e /Applications/Ac6/SystemWorkbench.app/Contents/Eclipse/plugins/fr.ac6.mcu.externaltools.arm-none.macos64_1.13.1.201703061524/tools/compiler/bin/../lib/gcc/arm-none-eabi/5.4.1/armv6-m/crtn.o
OUTPUT(ABGABE_LN.elf elf32-littlearm)

.debug_info     0x0000000000000000     0x6076
 .debug_info    0x0000000000000000      0x536 HAL_Driver/Src/stm32f0xx_hal.o
 .debug_info    0x0000000000000536      0xa30 HAL_Driver/Src/stm32f0xx_hal_can.o
 .debug_info    0x0000000000000f66      0x6df HAL_Driver/Src/stm32f0xx_hal_cortex.o
 .debug_info    0x0000000000001645      0x5e1 HAL_Driver/Src/stm32f0xx_hal_gpio.o
 .debug_info    0x0000000000001c26     0x1b5b HAL_Driver/Src/stm32f0xx_hal_i2c.o
 .debug_info    0x0000000000003781       0xc9 HAL_Driver/Src/stm32f0xx_hal_msp_template.o
 .debug_info    0x000000000000384a      0x7ab HAL_Driver/Src/stm32f0xx_hal_rcc.o
 .debug_info    0x0000000000003ff5      0x5de HAL_Driver/Src/stm32f0xx_hal_rcc_ex.o
 .debug_info    0x00000000000045d3     0x1052 src/main.o
 .debug_info    0x0000000000005625       0x96 src/stm32f0xx_it.o
 .debug_info    0x00000000000056bb      0x6ca src/syscalls.o
 .debug_info    0x0000000000005d85      0x247 src/system_stm32f0xx.o
 .debug_info    0x0000000000005fcc       0xaa startup/startup_stm32f072xb.o

.debug_abbrev   0x0000000000000000     0x1167
 .debug_abbrev  0x0000000000000000      0x179 HAL_Driver/Src/stm32f0xx_hal.o
 .debug_abbrev  0x0000000000000179      0x1c9 HAL_Driver/Src/stm32f0xx_hal_can.o
 .debug_abbrev  0x0000000000000342      0x234 HAL_Driver/Src/stm32f0xx_hal_cortex.o
 .debug_abbrev  0x0000000000000576      0x1b6 HAL_Driver/Src/stm32f0xx_hal_gpio.o
 .debug_abbrev  0x000000000000072c      0x205 HAL_Driver/Src/stm32f0xx_hal_i2c.o
 .debug_abbrev  0x0000000000000931       0x45 HAL_Driver/Src/stm32f0xx_hal_msp_template.o
 .debug_abbrev  0x0000000000000976      0x1eb HAL_Driver/Src/stm32f0xx_hal_rcc.o
 .debug_abbrev  0x0000000000000b61      0x184 HAL_Driver/Src/stm32f0xx_hal_rcc_ex.o
 .debug_abbrev  0x0000000000000ce5      0x1c1 src/main.o
 .debug_abbrev  0x0000000000000ea6       0x45 src/stm32f0xx_it.o
 .debug_abbrev  0x0000000000000eeb      0x177 src/syscalls.o
 .debug_abbrev  0x0000000000001062       0xf3 src/system_stm32f0xx.o
 .debug_abbrev  0x0000000000001155       0x12 startup/startup_stm32f072xb.o

.debug_aranges  0x0000000000000000      0x748
 .debug_aranges
                0x0000000000000000       0xa0 HAL_Driver/Src/stm32f0xx_hal.o
 .debug_aranges
                0x00000000000000a0       0xb0 HAL_Driver/Src/stm32f0xx_hal_can.o
 .debug_aranges
                0x0000000000000150       0xc0 HAL_Driver/Src/stm32f0xx_hal_cortex.o
 .debug_aranges
                0x0000000000000210       0x58 HAL_Driver/Src/stm32f0xx_hal_gpio.o
 .debug_aranges
                0x0000000000000268      0x260 HAL_Driver/Src/stm32f0xx_hal_i2c.o
 .debug_aranges
                0x00000000000004c8       0x38 HAL_Driver/Src/stm32f0xx_hal_msp_template.o
 .debug_aranges
                0x0000000000000500       0x80 HAL_Driver/Src/stm32f0xx_hal_rcc.o
 .debug_aranges
                0x0000000000000580       0x78 HAL_Driver/Src/stm32f0xx_hal_rcc_ex.o
 .debug_aranges
                0x00000000000005f8       0x30 src/main.o
 .debug_aranges
                0x0000000000000628       0x20 src/stm32f0xx_it.o
 .debug_aranges
                0x0000000000000648       0xb0 src/syscalls.o
 .debug_aranges
                0x00000000000006f8       0x28 src/system_stm32f0xx.o
 .debug_aranges
                0x0000000000000720       0x28 startup/startup_stm32f072xb.o

.debug_ranges   0x0000000000000000      0x680
 .debug_ranges  0x0000000000000000       0x90 HAL_Driver/Src/stm32f0xx_hal.o
 .debug_ranges  0x0000000000000090       0xa0 HAL_Driver/Src/stm32f0xx_hal_can.o
 .debug_ranges  0x0000000000000130       0xb0 HAL_Driver/Src/stm32f0xx_hal_cortex.o
 .debug_ranges  0x00000000000001e0       0x48 HAL_Driver/Src/stm32f0xx_hal_gpio.o
 .debug_ranges  0x0000000000000228      0x250 HAL_Driver/Src/stm32f0xx_hal_i2c.o
 .debug_ranges  0x0000000000000478       0x28 HAL_Driver/Src/stm32f0xx_hal_msp_template.o
 .debug_ranges  0x00000000000004a0       0x70 HAL_Driver/Src/stm32f0xx_hal_rcc.o
 .debug_ranges  0x0000000000000510       0x68 HAL_Driver/Src/stm32f0xx_hal_rcc_ex.o
 .debug_ranges  0x0000000000000578       0x20 src/main.o
 .debug_ranges  0x0000000000000598       0x10 src/stm32f0xx_it.o
 .debug_ranges  0x00000000000005a8       0xa0 src/syscalls.o
 .debug_ranges  0x0000000000000648       0x18 src/system_stm32f0xx.o
 .debug_ranges  0x0000000000000660       0x20 startup/startup_stm32f072xb.o

.debug_macro    0x0000000000000000    0x1e480
 .debug_macro   0x0000000000000000      0x432 HAL_Driver/Src/stm32f0xx_hal.o
 .debug_macro   0x0000000000000432      0x844 HAL_Driver/Src/stm32f0xx_hal.o
 .debug_macro   0x0000000000000c76      0x110 HAL_Driver/Src/stm32f0xx_hal.o
 .debug_macro   0x0000000000000d86       0x28 HAL_Driver/Src/stm32f0xx_hal.o
 .debug_macro   0x0000000000000dae       0x22 HAL_Driver/Src/stm32f0xx_hal.o
 .debug_macro   0x0000000000000dd0       0x22 HAL_Driver/Src/stm32f0xx_hal.o
 .debug_macro   0x0000000000000df2       0x87 HAL_Driver/Src/stm32f0xx_hal.o
 .debug_macro   0x0000000000000e79       0x44 HAL_Driver/Src/stm32f0xx_hal.o
 .debug_macro   0x0000000000000ebd       0xfd HAL_Driver/Src/stm32f0xx_hal.o
 .debug_macro   0x0000000000000fba       0x5e HAL_Driver/Src/stm32f0xx_hal.o
 .debug_macro   0x0000000000001018      0x1df HAL_Driver/Src/stm32f0xx_hal.o
 .debug_macro   0x00000000000011f7       0x34 HAL_Driver/Src/stm32f0xx_hal.o
 .debug_macro   0x000000000000122b       0x26 HAL_Driver/Src/stm32f0xx_hal.o
 .debug_macro   0x0000000000001251      0x30d HAL_Driver/Src/stm32f0xx_hal.o
 .debug_macro   0x000000000000155e     0xfce4 HAL_Driver/Src/stm32f0xx_hal.o
 .debug_macro   0x0000000000011242       0x3c HAL_Driver/Src/stm32f0xx_hal.o
 .debug_macro   0x000000000001127e     0x3408 HAL_Driver/Src/stm32f0xx_hal.o
 .debug_macro   0x0000000000014686       0x52 HAL_Driver/Src/stm32f0xx_hal.o
 .debug_macro   0x00000000000146d8       0x35 HAL_Driver/Src/stm32f0xx_hal.o
 .debug_macro   0x000000000001470d       0x9c HAL_Driver/Src/stm32f0xx_hal.o
 .debug_macro   0x00000000000147a9       0x16 HAL_Driver/Src/stm32f0xx_hal.o
 .debug_macro   0x00000000000147bf       0x97 HAL_Driver/Src/stm32f0xx_hal.o
 .debug_macro   0x0000000000014856      0x30d HAL_Driver/Src/stm32f0xx_hal.o
 .debug_macro   0x0000000000014b63       0xfd HAL_Driver/Src/stm32f0xx_hal.o
 .debug_macro   0x0000000000014c60       0x10 HAL_Driver/Src/stm32f0xx_hal.o
 .debug_macro   0x0000000000014c70       0x52 HAL_Driver/Src/stm32f0xx_hal.o
 .debug_macro   0x0000000000014cc2       0x1f HAL_Driver/Src/stm32f0xx_hal.o
 .debug_macro   0x0000000000014ce1       0x43 HAL_Driver/Src/stm32f0xx_hal.o
 .debug_macro   0x0000000000014d24       0x20 HAL_Driver/Src/stm32f0xx_hal.o
 .debug_macro   0x0000000000014d44      0x187 HAL_Driver/Src/stm32f0xx_hal.o
 .debug_macro   0x0000000000014ecb       0x10 HAL_Driver/Src/stm32f0xx_hal.o
 .debug_macro   0x0000000000014edb       0x1c HAL_Driver/Src/stm32f0xx_hal.o
 .debug_macro   0x0000000000014ef7       0x52 HAL_Driver/Src/stm32f0xx_hal.o
 .debug_macro   0x0000000000014f49       0x40 HAL_Driver/Src/stm32f0xx_hal.o
 .debug_macro   0x0000000000014f89       0x10 HAL_Driver/Src/stm32f0xx_hal.o
 .debug_macro   0x0000000000014f99       0x40 HAL_Driver/Src/stm32f0xx_hal.o
 .debug_macro   0x0000000000014fd9       0xd7 HAL_Driver/Src/stm32f0xx_hal.o
 .debug_macro   0x00000000000150b0       0x16 HAL_Driver/Src/stm32f0xx_hal.o
 .debug_macro   0x00000000000150c6      0x18b HAL_Driver/Src/stm32f0xx_hal.o
 .debug_macro   0x0000000000015251       0x50 HAL_Driver/Src/stm32f0xx_hal.o
 .debug_macro   0x00000000000152a1      0x953 HAL_Driver/Src/stm32f0xx_hal.o
 .debug_macro   0x0000000000015bf4      0x5f3 HAL_Driver/Src/stm32f0xx_hal.o
 .debug_macro   0x00000000000161e7      0x13a HAL_Driver/Src/stm32f0xx_hal.o
 .debug_macro   0x0000000000016321      0x1a7 HAL_Driver/Src/stm32f0xx_hal.o
 .debug_macro   0x00000000000164c8      0x22c HAL_Driver/Src/stm32f0xx_hal.o
 .debug_macro   0x00000000000166f4       0x34 HAL_Driver/Src/stm32f0xx_hal.o
 .debug_macro   0x0000000000016728       0x43 HAL_Driver/Src/stm32f0xx_hal.o
 .debug_macro   0x000000000001676b       0x29 HAL_Driver/Src/stm32f0xx_hal.o
 .debug_macro   0x0000000000016794      0x344 HAL_Driver/Src/stm32f0xx_hal.o
 .debug_macro   0x0000000000016ad8       0xd6 HAL_Driver/Src/stm32f0xx_hal.o
 .debug_macro   0x0000000000016bae      0x360 HAL_Driver/Src/stm32f0xx_hal.o
 .debug_macro   0x0000000000016f0e      0x2e2 HAL_Driver/Src/stm32f0xx_hal.o
 .debug_macro   0x00000000000171f0      0x27b HAL_Driver/Src/stm32f0xx_hal.o
 .debug_macro   0x000000000001746b       0x88 HAL_Driver/Src/stm32f0xx_hal.o
 .debug_macro   0x00000000000174f3       0x85 HAL_Driver/Src/stm32f0xx_hal.o
 .debug_macro   0x0000000000017578       0x12 HAL_Driver/Src/stm32f0xx_hal.o
 .debug_macro   0x000000000001758a       0xcb HAL_Driver/Src/stm32f0xx_hal.o
 .debug_macro   0x0000000000017655       0xf5 HAL_Driver/Src/stm32f0xx_hal.o
 .debug_macro   0x000000000001774a       0xb6 HAL_Driver/Src/stm32f0xx_hal.o
 .debug_macro   0x0000000000017800      0x217 HAL_Driver/Src/stm32f0xx_hal.o
 .debug_macro   0x0000000000017a17      0x202 HAL_Driver/Src/stm32f0xx_hal.o
 .debug_macro   0x0000000000017c19       0x61 HAL_Driver/Src/stm32f0xx_hal.o
 .debug_macro   0x0000000000017c7a       0x90 HAL_Driver/Src/stm32f0xx_hal.o
 .debug_macro   0x0000000000017d0a      0x1a0 HAL_Driver/Src/stm32f0xx_hal.o
 .debug_macro   0x0000000000017eaa      0x264 HAL_Driver/Src/stm32f0xx_hal.o
 .debug_macro   0x000000000001810e       0x31 HAL_Driver/Src/stm32f0xx_hal.o
 .debug_macro   0x000000000001813f       0x87 HAL_Driver/Src/stm32f0xx_hal.o
 .debug_macro   0x00000000000181c6      0x265 HAL_Driver/Src/stm32f0xx_hal.o
 .debug_macro   0x000000000001842b       0x4d HAL_Driver/Src/stm32f0xx_hal.o
 .debug_macro   0x0000000000018478      0x16d HAL_Driver/Src/stm32f0xx_hal.o
 .debug_macro   0x00000000000185e5      0x2e2 HAL_Driver/Src/stm32f0xx_hal.o
 .debug_macro   0x00000000000188c7      0x3a5 HAL_Driver/Src/stm32f0xx_hal.o
 .debug_macro   0x0000000000018c6c       0xdd HAL_Driver/Src/stm32f0xx_hal.o
 .debug_macro   0x0000000000018d49      0x391 HAL_Driver/Src/stm32f0xx_hal.o
 .debug_macro   0x00000000000190da       0x11 HAL_Driver/Src/stm32f0xx_hal.o
 .debug_macro   0x00000000000190eb      0x32c HAL_Driver/Src/stm32f0xx_hal.o
 .debug_macro   0x0000000000019417      0x2e2 HAL_Driver/Src/stm32f0xx_hal.o
 .debug_macro   0x00000000000196f9      0x837 HAL_Driver/Src/stm32f0xx_hal.o
 .debug_macro   0x0000000000019f30       0x4e HAL_Driver/Src/stm32f0xx_hal.o
 .debug_macro   0x0000000000019f7e      0x46a HAL_Driver/Src/stm32f0xx_hal.o
 .debug_macro   0x000000000001a3e8      0x38a HAL_Driver/Src/stm32f0xx_hal.o
 .debug_macro   0x000000000001a772      0x209 HAL_Driver/Src/stm32f0xx_hal.o
 .debug_macro   0x000000000001a97b      0x1df HAL_Driver/Src/stm32f0xx_hal.o
 .debug_macro   0x000000000001ab5a       0x99 HAL_Driver/Src/stm32f0xx_hal.o
 .debug_macro   0x000000000001abf3       0x89 HAL_Driver/Src/stm32f0xx_hal.o
 .debug_macro   0x000000000001ac7c      0x129 HAL_Driver/Src/stm32f0xx_hal.o
 .debug_macro   0x000000000001ada5      0x414 HAL_Driver/Src/stm32f0xx_hal_can.o
 .debug_macro   0x000000000001b1b9      0x40e HAL_Driver/Src/stm32f0xx_hal_cortex.o
 .debug_macro   0x000000000001b5c7      0x447 HAL_Driver/Src/stm32f0xx_hal_gpio.o
 .debug_macro   0x000000000001ba0e      0x4da HAL_Driver/Src/stm32f0xx_hal_i2c.o
 .debug_macro   0x000000000001bee8      0x40e HAL_Driver/Src/stm32f0xx_hal_msp_template.o
 .debug_macro   0x000000000001c2f6      0x420 HAL_Driver/Src/stm32f0xx_hal_rcc.o
 .debug_macro   0x000000000001c716      0x420 HAL_Driver/Src/stm32f0xx_hal_rcc_ex.o
 .debug_macro   0x000000000001cb36      0x429 src/main.o
 .debug_macro   0x000000000001cf5f      0x1b4 src/main.o
 .debug_macro   0x000000000001d113      0x418 src/stm32f0xx_it.o
 .debug_macro   0x000000000001d52b      0x22b src/syscalls.o
 .debug_macro   0x000000000001d756       0x4c src/syscalls.o
 .debug_macro   0x000000000001d7a2       0x8d src/syscalls.o
 .debug_macro   0x000000000001d82f       0x4a src/syscalls.o
 .debug_macro   0x000000000001d879      0x174 src/syscalls.o
 .debug_macro   0x000000000001d9ed       0x10 src/syscalls.o
 .debug_macro   0x000000000001d9fd       0x35 src/syscalls.o
 .debug_macro   0x000000000001da32       0x10 src/syscalls.o
 .debug_macro   0x000000000001da42       0x10 src/syscalls.o
 .debug_macro   0x000000000001da52       0x35 src/syscalls.o
 .debug_macro   0x000000000001da87      0x122 src/syscalls.o
 .debug_macro   0x000000000001dba9       0x16 src/syscalls.o
 .debug_macro   0x000000000001dbbf       0x16 src/syscalls.o
 .debug_macro   0x000000000001dbd5       0x29 src/syscalls.o
 .debug_macro   0x000000000001dbfe       0x10 src/syscalls.o
 .debug_macro   0x000000000001dc0e      0x241 src/syscalls.o
 .debug_macro   0x000000000001de4f       0x1c src/syscalls.o
 .debug_macro   0x000000000001de6b       0x10 src/syscalls.o
 .debug_macro   0x000000000001de7b      0x159 src/syscalls.o
 .debug_macro   0x000000000001dfd4       0x16 src/syscalls.o
 .debug_macro   0x000000000001dfea       0x88 src/syscalls.o
 .debug_macro   0x000000000001e072      0x40e src/system_stm32f0xx.o

.debug_line     0x0000000000000000     0xa0ee
 .debug_line    0x0000000000000000      0xc53 HAL_Driver/Src/stm32f0xx_hal.o
 .debug_line    0x0000000000000c53      0xf28 HAL_Driver/Src/stm32f0xx_hal_can.o
 .debug_line    0x0000000000001b7b      0xcdd HAL_Driver/Src/stm32f0xx_hal_cortex.o
 .debug_line    0x0000000000002858      0xca6 HAL_Driver/Src/stm32f0xx_hal_gpio.o
 .debug_line    0x00000000000034fe     0x1bc6 HAL_Driver/Src/stm32f0xx_hal_i2c.o
 .debug_line    0x00000000000050c4      0xb5f HAL_Driver/Src/stm32f0xx_hal_msp_template.o
 .debug_line    0x0000000000005c23      0xd9e HAL_Driver/Src/stm32f0xx_hal_rcc.o
 .debug_line    0x00000000000069c1      0xd5b HAL_Driver/Src/stm32f0xx_hal_rcc_ex.o
 .debug_line    0x000000000000771c      0xc2b src/main.o
 .debug_line    0x0000000000008347      0xb89 src/stm32f0xx_it.o
 .debug_line    0x0000000000008ed0      0x649 src/syscalls.o
 .debug_line    0x0000000000009519      0xb52 src/system_stm32f0xx.o
 .debug_line    0x000000000000a06b       0x83 startup/startup_stm32f072xb.o

.debug_str      0x0000000000000000    0xb2161
 .debug_str     0x0000000000000000    0xae201 HAL_Driver/Src/stm32f0xx_hal.o
                                      0xae5b5 (size before relaxing)
 .debug_str     0x00000000000ae201      0x4c9 HAL_Driver/Src/stm32f0xx_hal_can.o
                                      0xae58e (size before relaxing)
 .debug_str     0x00000000000ae6ca      0x1c0 HAL_Driver/Src/stm32f0xx_hal_cortex.o
                                      0xae4cb (size before relaxing)
 .debug_str     0x00000000000ae88a      0x287 HAL_Driver/Src/stm32f0xx_hal_gpio.o
                                      0xae35b (size before relaxing)
 .debug_str     0x00000000000aeb11     0x1124 HAL_Driver/Src/stm32f0xx_hal_i2c.o
                                      0xaf28d (size before relaxing)
 .debug_str     0x00000000000afc35       0x51 HAL_Driver/Src/stm32f0xx_hal_msp_template.o
                                      0xae070 (size before relaxing)
 .debug_str     0x00000000000afc86      0x34b HAL_Driver/Src/stm32f0xx_hal_rcc.o
                                      0xae4e1 (size before relaxing)
 .debug_str     0x00000000000affd1      0x397 HAL_Driver/Src/stm32f0xx_hal_rcc_ex.o
                                      0xae4c0 (size before relaxing)
 .debug_str     0x00000000000b0368      0xc00 src/main.o
                                      0xaf7aa (size before relaxing)
 .debug_str     0x00000000000b0f68       0x38 src/stm32f0xx_it.o
                                      0xae03d (size before relaxing)
 .debug_str     0x00000000000b0fa0     0x1186 src/syscalls.o
                                       0x75a5 (size before relaxing)
 .debug_str     0x00000000000b2126       0x3b src/system_stm32f0xx.o
                                      0xae104 (size before relaxing)

.comment        0x0000000000000000       0x6e
 .comment       0x0000000000000000       0x6e HAL_Driver/Src/stm32f0xx_hal.o
                                         0x6f (size before relaxing)
 .comment       0x000000000000006e       0x6f HAL_Driver/Src/stm32f0xx_hal_can.o
 .comment       0x000000000000006e       0x6f HAL_Driver/Src/stm32f0xx_hal_cortex.o
 .comment       0x000000000000006e       0x6f HAL_Driver/Src/stm32f0xx_hal_gpio.o
 .comment       0x000000000000006e       0x6f HAL_Driver/Src/stm32f0xx_hal_i2c.o
 .comment       0x000000000000006e       0x6f HAL_Driver/Src/stm32f0xx_hal_msp_template.o
 .comment       0x000000000000006e       0x6f HAL_Driver/Src/stm32f0xx_hal_rcc.o
 .comment       0x000000000000006e       0x6f HAL_Driver/Src/stm32f0xx_hal_rcc_ex.o
 .comment       0x000000000000006e       0x6f src/main.o
 .comment       0x000000000000006e       0x6f src/stm32f0xx_it.o
 .comment       0x000000000000006e       0x6f src/syscalls.o
 .comment       0x000000000000006e       0x6f src/system_stm32f0xx.o

.debug_frame    0x0000000000000000     0x2380
 .debug_frame   0x0000000000000000      0x1f4 HAL_Driver/Src/stm32f0xx_hal.o
 .debug_frame   0x00000000000001f4      0x270 HAL_Driver/Src/stm32f0xx_hal_can.o
 .debug_frame   0x0000000000000464      0x2a4 HAL_Driver/Src/stm32f0xx_hal_cortex.o
 .debug_frame   0x0000000000000708      0x110 HAL_Driver/Src/stm32f0xx_hal_gpio.o
 .debug_frame   0x0000000000000818      0x930 HAL_Driver/Src/stm32f0xx_hal_i2c.o
 .debug_frame   0x0000000000001148       0x80 HAL_Driver/Src/stm32f0xx_hal_msp_template.o
 .debug_frame   0x00000000000011c8      0x194 HAL_Driver/Src/stm32f0xx_hal_rcc.o
 .debug_frame   0x000000000000135c      0x180 HAL_Driver/Src/stm32f0xx_hal_rcc_ex.o
 .debug_frame   0x00000000000014dc       0x6c src/main.o
 .debug_frame   0x0000000000001548       0x2c src/stm32f0xx_it.o
 .debug_frame   0x0000000000001574      0x264 src/syscalls.o
 .debug_frame   0x00000000000017d8       0x4c src/system_stm32f0xx.o
 .debug_frame   0x0000000000001824       0x20 /Applications/Ac6/SystemWorkbench.app/Contents/Eclipse/plugins/fr.ac6.mcu.externaltools.arm-none.macos64_1.13.1.201703061524/tools/compiler/bin/../lib/gcc/arm-none-eabi/5.4.1/armv6-m/libgcc.a(_udivsi3.o)
 .debug_frame   0x0000000000001844       0x20 /Applications/Ac6/SystemWorkbench.app/Contents/Eclipse/plugins/fr.ac6.mcu.externaltools.arm-none.macos64_1.13.1.201703061524/tools/compiler/bin/../lib/gcc/arm-none-eabi/5.4.1/../../../../arm-none-eabi/lib/armv6-m/libc.a(lib_a-errno.o)
 .debug_frame   0x0000000000001864       0x2c /Applications/Ac6/SystemWorkbench.app/Contents/Eclipse/plugins/fr.ac6.mcu.externaltools.arm-none.macos64_1.13.1.201703061524/tools/compiler/bin/../lib/gcc/arm-none-eabi/5.4.1/../../../../arm-none-eabi/lib/armv6-m/libc.a(lib_a-init.o)
 .debug_frame   0x0000000000001890       0x2c /Applications/Ac6/SystemWorkbench.app/Contents/Eclipse/plugins/fr.ac6.mcu.externaltools.arm-none.macos64_1.13.1.201703061524/tools/compiler/bin/../lib/gcc/arm-none-eabi/5.4.1/../../../../arm-none-eabi/lib/armv6-m/libc.a(lib_a-memcpy-stub.o)
 .debug_frame   0x00000000000018bc       0x2c /Applications/Ac6/SystemWorkbench.app/Contents/Eclipse/plugins/fr.ac6.mcu.externaltools.arm-none.macos64_1.13.1.201703061524/tools/compiler/bin/../lib/gcc/arm-none-eabi/5.4.1/../../../../arm-none-eabi/lib/armv6-m/libc.a(lib_a-memset.o)
 .debug_frame   0x00000000000018e8       0x50 /Applications/Ac6/SystemWorkbench.app/Contents/Eclipse/plugins/fr.ac6.mcu.externaltools.arm-none.macos64_1.13.1.201703061524/tools/compiler/bin/../lib/gcc/arm-none-eabi/5.4.1/../../../../arm-none-eabi/lib/armv6-m/libc.a(lib_a-sprintf.o)
 .debug_frame   0x0000000000001938       0x3c /Applications/Ac6/SystemWorkbench.app/Contents/Eclipse/plugins/fr.ac6.mcu.externaltools.arm-none.macos64_1.13.1.201703061524/tools/compiler/bin/../lib/gcc/arm-none-eabi/5.4.1/../../../../arm-none-eabi/lib/armv6-m/libc.a(lib_a-svfprintf.o)
 .debug_frame   0x0000000000001974       0x54 /Applications/Ac6/SystemWorkbench.app/Contents/Eclipse/plugins/fr.ac6.mcu.externaltools.arm-none.macos64_1.13.1.201703061524/tools/compiler/bin/../lib/gcc/arm-none-eabi/5.4.1/../../../../arm-none-eabi/lib/armv6-m/libc.a(lib_a-__call_atexit.o)
 .debug_frame   0x00000000000019c8       0x28 /Applications/Ac6/SystemWorkbench.app/Contents/Eclipse/plugins/fr.ac6.mcu.externaltools.arm-none.macos64_1.13.1.201703061524/tools/compiler/bin/../lib/gcc/arm-none-eabi/5.4.1/../../../../arm-none-eabi/lib/armv6-m/libc.a(lib_a-atexit.o)
 .debug_frame   0x00000000000019f0       0x68 /Applications/Ac6/SystemWorkbench.app/Contents/Eclipse/plugins/fr.ac6.mcu.externaltools.arm-none.macos64_1.13.1.201703061524/tools/compiler/bin/../lib/gcc/arm-none-eabi/5.4.1/../../../../arm-none-eabi/lib/armv6-m/libc.a(lib_a-dtoa.o)
 .debug_frame   0x0000000000001a58       0x2c /Applications/Ac6/SystemWorkbench.app/Contents/Eclipse/plugins/fr.ac6.mcu.externaltools.arm-none.macos64_1.13.1.201703061524/tools/compiler/bin/../lib/gcc/arm-none-eabi/5.4.1/../../../../arm-none-eabi/lib/armv6-m/libc.a(lib_a-fini.o)
 .debug_frame   0x0000000000001a84       0x40 /Applications/Ac6/SystemWorkbench.app/Contents/Eclipse/plugins/fr.ac6.mcu.externaltools.arm-none.macos64_1.13.1.201703061524/tools/compiler/bin/../lib/gcc/arm-none-eabi/5.4.1/../../../../arm-none-eabi/lib/armv6-m/libc.a(lib_a-localeconv.o)
 .debug_frame   0x0000000000001ac4       0x3c /Applications/Ac6/SystemWorkbench.app/Contents/Eclipse/plugins/fr.ac6.mcu.externaltools.arm-none.macos64_1.13.1.201703061524/tools/compiler/bin/../lib/gcc/arm-none-eabi/5.4.1/../../../../arm-none-eabi/lib/armv6-m/libc.a(lib_a-mallocr.o)
 .debug_frame   0x0000000000001b00       0x2c /Applications/Ac6/SystemWorkbench.app/Contents/Eclipse/plugins/fr.ac6.mcu.externaltools.arm-none.macos64_1.13.1.201703061524/tools/compiler/bin/../lib/gcc/arm-none-eabi/5.4.1/../../../../arm-none-eabi/lib/armv6-m/libc.a(lib_a-memchr-stub.o)
 .debug_frame   0x0000000000001b2c       0x30 /Applications/Ac6/SystemWorkbench.app/Contents/Eclipse/plugins/fr.ac6.mcu.externaltools.arm-none.macos64_1.13.1.201703061524/tools/compiler/bin/../lib/gcc/arm-none-eabi/5.4.1/../../../../arm-none-eabi/lib/armv6-m/libc.a(lib_a-mlock.o)
 .debug_frame   0x0000000000001b5c      0x258 /Applications/Ac6/SystemWorkbench.app/Contents/Eclipse/plugins/fr.ac6.mcu.externaltools.arm-none.macos64_1.13.1.201703061524/tools/compiler/bin/../lib/gcc/arm-none-eabi/5.4.1/../../../../arm-none-eabi/lib/armv6-m/libc.a(lib_a-mprec.o)
 .debug_frame   0x0000000000001db4       0x2c /Applications/Ac6/SystemWorkbench.app/Contents/Eclipse/plugins/fr.ac6.mcu.externaltools.arm-none.macos64_1.13.1.201703061524/tools/compiler/bin/../lib/gcc/arm-none-eabi/5.4.1/../../../../arm-none-eabi/lib/armv6-m/libc.a(lib_a-sbrkr.o)
 .debug_frame   0x0000000000001de0       0x28 /Applications/Ac6/SystemWorkbench.app/Contents/Eclipse/plugins/fr.ac6.mcu.externaltools.arm-none.macos64_1.13.1.201703061524/tools/compiler/bin/../lib/gcc/arm-none-eabi/5.4.1/../../../../arm-none-eabi/lib/armv6-m/libc.a(lib_a-strlen-stub.o)
 .debug_frame   0x0000000000001e08       0x68 /Applications/Ac6/SystemWorkbench.app/Contents/Eclipse/plugins/fr.ac6.mcu.externaltools.arm-none.macos64_1.13.1.201703061524/tools/compiler/bin/../lib/gcc/arm-none-eabi/5.4.1/../../../../arm-none-eabi/lib/armv6-m/libc.a(lib_a-svfiprintf.o)
 .debug_frame   0x0000000000001e70       0x3c /Applications/Ac6/SystemWorkbench.app/Contents/Eclipse/plugins/fr.ac6.mcu.externaltools.arm-none.macos64_1.13.1.201703061524/tools/compiler/bin/../lib/gcc/arm-none-eabi/5.4.1/../../../../arm-none-eabi/lib/armv6-m/libc.a(lib_a-__atexit.o)
 .debug_frame   0x0000000000001eac       0x28 /Applications/Ac6/SystemWorkbench.app/Contents/Eclipse/plugins/fr.ac6.mcu.externaltools.arm-none.macos64_1.13.1.201703061524/tools/compiler/bin/../lib/gcc/arm-none-eabi/5.4.1/../../../../arm-none-eabi/lib/armv6-m/libc.a(lib_a-callocr.o)
 .debug_frame   0x0000000000001ed4       0x54 /Applications/Ac6/SystemWorkbench.app/Contents/Eclipse/plugins/fr.ac6.mcu.externaltools.arm-none.macos64_1.13.1.201703061524/tools/compiler/bin/../lib/gcc/arm-none-eabi/5.4.1/../../../../arm-none-eabi/lib/armv6-m/libc.a(lib_a-freer.o)
 .debug_frame   0x0000000000001f28       0x8c /Applications/Ac6/SystemWorkbench.app/Contents/Eclipse/plugins/fr.ac6.mcu.externaltools.arm-none.macos64_1.13.1.201703061524/tools/compiler/bin/../lib/gcc/arm-none-eabi/5.4.1/../../../../arm-none-eabi/lib/armv6-m/libc.a(lib_a-locale.o)
 .debug_frame   0x0000000000001fb4       0x40 /Applications/Ac6/SystemWorkbench.app/Contents/Eclipse/plugins/fr.ac6.mcu.externaltools.arm-none.macos64_1.13.1.201703061524/tools/compiler/bin/../lib/gcc/arm-none-eabi/5.4.1/../../../../arm-none-eabi/lib/armv6-m/libc.a(lib_a-mbtowc_r.o)
 .debug_frame   0x0000000000001ff4       0x2c /Applications/Ac6/SystemWorkbench.app/Contents/Eclipse/plugins/fr.ac6.mcu.externaltools.arm-none.macos64_1.13.1.201703061524/tools/compiler/bin/../lib/gcc/arm-none-eabi/5.4.1/../../../../arm-none-eabi/lib/armv6-m/libc.a(lib_a-memmove.o)
 .debug_frame   0x0000000000002020       0x3c /Applications/Ac6/SystemWorkbench.app/Contents/Eclipse/plugins/fr.ac6.mcu.externaltools.arm-none.macos64_1.13.1.201703061524/tools/compiler/bin/../lib/gcc/arm-none-eabi/5.4.1/../../../../arm-none-eabi/lib/armv6-m/libc.a(lib_a-reallocr.o)
 .debug_frame   0x000000000000205c       0x48 /Applications/Ac6/SystemWorkbench.app/Contents/Eclipse/plugins/fr.ac6.mcu.externaltools.arm-none.macos64_1.13.1.201703061524/tools/compiler/bin/../lib/gcc/arm-none-eabi/5.4.1/../../../../arm-none-eabi/lib/armv6-m/libc.a(lib_a-reent.o)
 .debug_frame   0x00000000000020a4       0x3c /Applications/Ac6/SystemWorkbench.app/Contents/Eclipse/plugins/fr.ac6.mcu.externaltools.arm-none.macos64_1.13.1.201703061524/tools/compiler/bin/../lib/gcc/arm-none-eabi/5.4.1/../../../../arm-none-eabi/lib/armv6-m/libc.a(lib_a-wctomb_r.o)
 .debug_frame   0x00000000000020e0       0x20 /Applications/Ac6/SystemWorkbench.app/Contents/Eclipse/plugins/fr.ac6.mcu.externaltools.arm-none.macos64_1.13.1.201703061524/tools/compiler/bin/../lib/gcc/arm-none-eabi/5.4.1/armv6-m/libgcc.a(_divsi3.o)
 .debug_frame   0x0000000000002100       0x3c /Applications/Ac6/SystemWorkbench.app/Contents/Eclipse/plugins/fr.ac6.mcu.externaltools.arm-none.macos64_1.13.1.201703061524/tools/compiler/bin/../lib/gcc/arm-none-eabi/5.4.1/armv6-m/libgcc.a(_udivmoddi4.o)
 .debug_frame   0x000000000000213c       0x3c /Applications/Ac6/SystemWorkbench.app/Contents/Eclipse/plugins/fr.ac6.mcu.externaltools.arm-none.macos64_1.13.1.201703061524/tools/compiler/bin/../lib/gcc/arm-none-eabi/5.4.1/armv6-m/libgcc.a(adddf3.o)
 .debug_frame   0x0000000000002178       0x3c /Applications/Ac6/SystemWorkbench.app/Contents/Eclipse/plugins/fr.ac6.mcu.externaltools.arm-none.macos64_1.13.1.201703061524/tools/compiler/bin/../lib/gcc/arm-none-eabi/5.4.1/armv6-m/libgcc.a(divdf3.o)
 .debug_frame   0x00000000000021b4       0x38 /Applications/Ac6/SystemWorkbench.app/Contents/Eclipse/plugins/fr.ac6.mcu.externaltools.arm-none.macos64_1.13.1.201703061524/tools/compiler/bin/../lib/gcc/arm-none-eabi/5.4.1/armv6-m/libgcc.a(eqdf2.o)
 .debug_frame   0x00000000000021ec       0x38 /Applications/Ac6/SystemWorkbench.app/Contents/Eclipse/plugins/fr.ac6.mcu.externaltools.arm-none.macos64_1.13.1.201703061524/tools/compiler/bin/../lib/gcc/arm-none-eabi/5.4.1/armv6-m/libgcc.a(gedf2.o)
 .debug_frame   0x0000000000002224       0x38 /Applications/Ac6/SystemWorkbench.app/Contents/Eclipse/plugins/fr.ac6.mcu.externaltools.arm-none.macos64_1.13.1.201703061524/tools/compiler/bin/../lib/gcc/arm-none-eabi/5.4.1/armv6-m/libgcc.a(ledf2.o)